Component: ARM Compiler 5.06 (build 20) Tool: armlink [4d35a3]

==============================================================================

Section Cross References

    startup_stm32f407xx.o(RESET) refers to startup_stm32f407xx.o(STACK) for __initial_sp
    startup_stm32f407xx.o(RESET) refers to startup_stm32f407xx.o(.text) for Reset_Handler
    startup_stm32f407xx.o(RESET) refers to port.o(.emb_text) for SVC_Handler
    startup_stm32f407xx.o(RESET) refers to stm32f4xx_it.o(i.SysTick_Handler) for SysTick_Handler
    startup_stm32f407xx.o(RESET) refers to stm32f4xx_it.o(i.EXTI0_IRQHandler) for EXTI0_IRQHandler
    startup_stm32f407xx.o(RESET) refers to stm32f4xx_it.o(i.I2C1_EV_IRQHandler) for I2C1_EV_IRQHandler
    startup_stm32f407xx.o(.text) refers to system_stm32f4xx.o(i.SystemInit) for SystemInit
    startup_stm32f407xx.o(.text) refers to entry.o(.ARM.Collect$$$$00000000) for __main
    stm32f4xx_it.o(i.EXTI0_IRQHandler) refers to queue.o(i.xQueueGiveFromISR) for xQueueGiveFromISR
    stm32f4xx_it.o(i.EXTI0_IRQHandler) refers to stm32f4xx_hal_gpio.o(i.HAL_GPIO_EXTI_IRQHandler) for HAL_GPIO_EXTI_IRQHandler
    stm32f4xx_it.o(i.EXTI0_IRQHandler) refers to main.o(.data) for xBTNSemaphore
    stm32f4xx_it.o(i.I2C1_EV_IRQHandler) refers to stm32f4xx_hal_i2c.o(i.HAL_I2C_EV_IRQHandler) for HAL_I2C_EV_IRQHandler
    stm32f4xx_it.o(i.I2C1_EV_IRQHandler) refers to main.o(.bss) for hi2c1
    stm32f4xx_it.o(i.SysTick_Handler) refers to cmsis_os.o(i.osSystickHandler) for osSystickHandler
    main.o(i.MX_GPIO_Init) refers to stm32f4xx_hal_gpio.o(i.HAL_GPIO_Init) for HAL_GPIO_Init
    main.o(i.MX_GPIO_Init) refers to stm32f4xx_hal_cortex.o(i.HAL_NVIC_SetPriority) for HAL_NVIC_SetPriority
    main.o(i.MX_GPIO_Init) refers to stm32f4xx_hal_cortex.o(i.HAL_NVIC_EnableIRQ) for HAL_NVIC_EnableIRQ
    main.o(i.MX_TIM12_Init) refers to stm32f4xx_hal_tim.o(i.HAL_TIM_PWM_Init) for HAL_TIM_PWM_Init
    main.o(i.MX_TIM12_Init) refers to stm32f4xx_hal_tim.o(i.HAL_TIM_PWM_ConfigChannel) for HAL_TIM_PWM_ConfigChannel
    main.o(i.MX_TIM12_Init) refers to main.o(.bss) for .bss
    main.o(i.MX_TIM1_Init) refers to stm32f4xx_hal_tim.o(i.HAL_TIM_OC_Init) for HAL_TIM_OC_Init
    main.o(i.MX_TIM1_Init) refers to stm32f4xx_hal_tim_ex.o(i.HAL_TIMEx_MasterConfigSynchronization) for HAL_TIMEx_MasterConfigSynchronization
    main.o(i.MX_TIM1_Init) refers to stm32f4xx_hal_tim_ex.o(i.HAL_TIMEx_ConfigBreakDeadTime) for HAL_TIMEx_ConfigBreakDeadTime
    main.o(i.MX_TIM1_Init) refers to stm32f4xx_hal_tim.o(i.HAL_TIM_OC_ConfigChannel) for HAL_TIM_OC_ConfigChannel
    main.o(i.MX_TIM1_Init) refers to main.o(.bss) for .bss
    main.o(i.MX_TIM3_Init) refers to stm32f4xx_hal_tim.o(i.HAL_TIM_Base_Init) for HAL_TIM_Base_Init
    main.o(i.MX_TIM3_Init) refers to stm32f4xx_hal_tim.o(i.HAL_TIM_SlaveConfigSynchronization) for HAL_TIM_SlaveConfigSynchronization
    main.o(i.MX_TIM3_Init) refers to stm32f4xx_hal_tim_ex.o(i.HAL_TIMEx_MasterConfigSynchronization) for HAL_TIMEx_MasterConfigSynchronization
    main.o(i.MX_TIM3_Init) refers to main.o(.bss) for .bss
    main.o(i.MX_TIM4_Init) refers to stm32f4xx_hal_tim.o(i.HAL_TIM_Base_Init) for HAL_TIM_Base_Init
    main.o(i.MX_TIM4_Init) refers to stm32f4xx_hal_tim.o(i.HAL_TIM_SlaveConfigSynchronization) for HAL_TIM_SlaveConfigSynchronization
    main.o(i.MX_TIM4_Init) refers to stm32f4xx_hal_tim_ex.o(i.HAL_TIMEx_MasterConfigSynchronization) for HAL_TIMEx_MasterConfigSynchronization
    main.o(i.MX_TIM4_Init) refers to main.o(.bss) for .bss
    main.o(i.MX_TIM5_Init) refers to stm32f4xx_hal_tim.o(i.HAL_TIM_PWM_Init) for HAL_TIM_PWM_Init
    main.o(i.MX_TIM5_Init) refers to stm32f4xx_hal_tim_ex.o(i.HAL_TIMEx_MasterConfigSynchronization) for HAL_TIMEx_MasterConfigSynchronization
    main.o(i.MX_TIM5_Init) refers to stm32f4xx_hal_tim.o(i.HAL_TIM_PWM_ConfigChannel) for HAL_TIM_PWM_ConfigChannel
    main.o(i.MX_TIM5_Init) refers to main.o(.bss) for .bss
    main.o(i.MX_TIM9_Init) refers to stm32f4xx_hal_tim.o(i.HAL_TIM_Base_Init) for HAL_TIM_Base_Init
    main.o(i.MX_TIM9_Init) refers to stm32f4xx_hal_tim.o(i.HAL_TIM_ConfigClockSource) for HAL_TIM_ConfigClockSource
    main.o(i.MX_TIM9_Init) refers to stm32f4xx_hal_tim.o(i.HAL_TIM_PWM_Init) for HAL_TIM_PWM_Init
    main.o(i.MX_TIM9_Init) refers to stm32f4xx_hal_tim.o(i.HAL_TIM_PWM_ConfigChannel) for HAL_TIM_PWM_ConfigChannel
    main.o(i.MX_TIM9_Init) refers to main.o(.bss) for .bss
    main.o(i.StartDefaultTask) refers to cmsis_os.o(i.osDelay) for osDelay
    main.o(i.SystemClock_Config) refers to stm32f4xx_hal_rcc.o(i.HAL_RCC_OscConfig) for HAL_RCC_OscConfig
    main.o(i.SystemClock_Config) refers to stm32f4xx_hal_rcc.o(i.HAL_RCC_ClockConfig) for HAL_RCC_ClockConfig
    main.o(i.SystemClock_Config) refers to stm32f4xx_hal_rcc.o(i.HAL_RCC_GetHCLKFreq) for HAL_RCC_GetHCLKFreq
    main.o(i.SystemClock_Config) refers to stm32f4xx_hal_cortex.o(i.HAL_SYSTICK_Config) for HAL_SYSTICK_Config
[...]
    Removing stm32f4xx_hal_pwr.o(i.HAL_PWR_PVD_IRQHandler), (28 bytes).
    Removing stm32f4xx_hal_dma_ex.o(.rev16_text), (4 bytes).
    Removing stm32f4xx_hal_dma_ex.o(.revsh_text), (4 bytes).
    Removing stm32f4xx_hal_dma_ex.o(.rrx_text), (6 bytes).
    Removing stm32f4xx_hal_dma_ex.o(i.DMA_MultiBufferSetConfig), (30 bytes).
    Removing stm32f4xx_hal_dma_ex.o(i.HAL_DMAEx_ChangeMemory), (14 bytes).
    Removing stm32f4xx_hal_dma_ex.o(i.HAL_DMAEx_MultiBufferStart), (92 bytes).
    Removing stm32f4xx_hal_dma_ex.o(i.HAL_DMAEx_MultiBufferStart_IT), (142 bytes).
    Removing stm32f4xx_hal_rcc.o(.rev16_text), (4 bytes).
    Removing stm32f4xx_hal_rcc.o(.revsh_text), (4 bytes).
    Removing stm32f4xx_hal_rcc.o(.rrx_text), (6 bytes).
    Removing stm32f4xx_hal_rcc.o(i.HAL_RCC_CSSCallback), (2 bytes).
    Removing stm32f4xx_hal_rcc.o(i.HAL_RCC_DeInit), (2 bytes).
    Removing stm32f4xx_hal_rcc.o(i.HAL_RCC_DisableCSS), (12 bytes).
    Removing stm32f4xx_hal_rcc.o(i.HAL_RCC_EnableCSS), (12 bytes).
    Removing stm32f4xx_hal_rcc.o(i.HAL_RCC_GetClockConfig), (64 bytes).
    Removing stm32f4xx_hal_rcc.o(i.HAL_RCC_GetOscConfig), (224 bytes).
    Removing stm32f4xx_hal_rcc.o(i.HAL_RCC_MCOConfig), (140 bytes).
    Removing stm32f4xx_hal_rcc.o(i.HAL_RCC_NMI_IRQHandler), (28 bytes).
    Removing stm32f4xx_hal_cortex.o(.rev16_text), (4 bytes).
    Removing stm32f4xx_hal_cortex.o(.revsh_text), (4 bytes).
    Removing stm32f4xx_hal_cortex.o(.rrx_text), (6 bytes).
    Removing stm32f4xx_hal_cortex.o(i.HAL_MPU_ConfigRegion), (84 bytes).
    Removing stm32f4xx_hal_cortex.o(i.HAL_NVIC_ClearPendingIRQ), (22 bytes).
    Removing stm32f4xx_hal_cortex.o(i.HAL_NVIC_DisableIRQ), (22 bytes).
    Removing stm32f4xx_hal_cortex.o(i.HAL_NVIC_GetActive), (32 bytes).
    Removing stm32f4xx_hal_cortex.o(i.HAL_NVIC_GetPendingIRQ), (32 bytes).
    Removing stm32f4xx_hal_cortex.o(i.HAL_NVIC_GetPriority), (82 bytes).
    Removing stm32f4xx_hal_cortex.o(i.HAL_NVIC_GetPriorityGrouping), (16 bytes).
    Removing stm32f4xx_hal_cortex.o(i.HAL_NVIC_SetPendingIRQ), (22 bytes).
    Removing stm32f4xx_hal_cortex.o(i.HAL_NVIC_SystemReset), (36 bytes).
    Removing stm32f4xx_hal_cortex.o(i.HAL_SYSTICK_Callback), (2 bytes).
    Removing stm32f4xx_hal_cortex.o(i.HAL_SYSTICK_IRQHandler), (8 bytes).
    Removing system_stm32f4xx.o(.rev16_text), (4 bytes).
    Removing system_stm32f4xx.o(.revsh_text), (4 bytes).
    Removing system_stm32f4xx.o(.rrx_text), (6 bytes).
    Removing system_stm32f4xx.o(i.SystemCoreClockUpdate), (120 bytes).
    Removing system_stm32f4xx.o(.constdata), (16 bytes).
    Removing flash.o(.rev16_text), (4 bytes).
    Removing flash.o(.revsh_text), (4 bytes).
    Removing flash.o(.rrx_text), (6 bytes).
    Removing flash.o(i.vLEDFlashTask), (44 bytes).
    Removing flash.o(i.vStartLEDFlashTasks), (40 bytes).
    Removing motor_cmd.o(.rev16_text), (4 bytes).
    Removing motor_cmd.o(.revsh_text), (4 bytes).
    Removing motor_cmd.o(.rrx_text), (6 bytes).
    Removing pid.o(i.PID_run), (208 bytes).
    Removing imu.o(.rev16_text), (4 bytes).
    Removing imu.o(.revsh_text), (4 bytes).
    Removing imu.o(.rrx_text), (6 bytes).
    Removing imu.o(i.vIMUTask), (18 bytes).
    Removing imu.o(i.vStartIMUTask), (204 bytes).
    Removing bno055.o(.rev16_text), (4 bytes).
    Removing bno055.o(.revsh_text), (4 bytes).
    Removing bno055.o(.rrx_text), (6 bytes).
    Removing bno055.o(i.BNO_055_begin), (128 bytes).
    Removing bno055.o(i.BNO_055_getCalibration), (54 bytes).
    Removing bno055.o(i.BNO_055_getQuat), (148 bytes).
    Removing bno055.o(i.BNO_055_getRevInfo), (58 bytes).
    Removing bno055.o(i.BNO_055_getSensor), (2 bytes).
    Removing bno055.o(i.BNO_055_getSensorOffsets), (264 bytes).
    Removing bno055.o(i.BNO_055_getSystemStatus), (56 bytes).
    Removing bno055.o(i.BNO_055_getTemp), (12 bytes).
    Removing bno055.o(i.BNO_055_getVector), (252 bytes).
    Removing bno055.o(i.BNO_055_isFullyCalibrated), (56 bytes).
    Removing bno055.o(i.BNO_055_readSensor), (2 bytes).
    Removing bno055.o(i.BNO_055_setExtCrystalUse), (68 bytes).
    Removing bno055.o(i.BNO_055_setMode), (28 bytes).
    Removing bno055.o(i.BNO_055_setSensorOffsets), (232 bytes).
    Removing bno055.o(i._read8), (160 bytes).
    Removing bno055.o(i._readLen), (32 bytes).
    Removing bno055.o(i._write8), (100 bytes).
    Removing bno055.o(.data), (8 bytes).
    Removing dflti.o(.text), (34 bytes).
    Removing cdcmple.o(.text), (48 bytes).

511 unused section(s) (total 32784 bytes) removed from the image.

==============================================================================

Image Symbol Table

    Local Symbols

    Symbol Name                              Value     Ov Type        Size  Object(Section)

    ../Drivers/CMSIS/Device/ST/STM32F4xx/Source/Templates/arm/startup_stm32f407xx.s 0x00000000   Number         0  startup_stm32f407xx.o ABSOLUTE
    ../Drivers/CMSIS/Device/ST/STM32F4xx/Source/Templates/system_stm32f4xx.c 0x00000000   Number         0  system_stm32f4xx.o ABSOLUTE
    ../Drivers/STM32F4xx_HAL_Driver/Src/stm32f4xx_hal.c 0x00000000   Number         0  stm32f4xx_hal.o ABSOLUTE
    ../Drivers/STM32F4xx_HAL_Driver/Src/stm32f4xx_hal_cortex.c 0x00000000   Number         0  stm32f4xx_hal_cortex.o ABSOLUTE
    ../Drivers/STM32F4xx_HAL_Driver/Src/stm32f4xx_hal_dma.c 0x00000000   Number         0  stm32f4xx_hal_dma.o ABSOLUTE
    ../Drivers/STM32F4xx_HAL_Driver/Src/stm32f4xx_hal_dma_ex.c 0x00000000   Number         0  stm32f4xx_hal_dma_ex.o ABSOLUTE
    ../Drivers/STM32F4xx_HAL_Driver/Src/stm32f4xx_hal_flash.c 0x00000000   Number         0  stm32f4xx_hal_flash.o ABSOLUTE
    ../Drivers/STM32F4xx_HAL_Driver/Src/stm32f4xx_hal_flash_ex.c 0x00000000   Number         0  stm32f4xx_hal_flash_ex.o ABSOLUTE
    ../Drivers/STM32F4xx_HAL_Driver/Src/stm32f4xx_hal_flash_ramfunc.c 0x00000000   Number         0  stm32f4xx_hal_flash_ramfunc.o ABSOLUTE
    ../Drivers/STM32F4xx_HAL_Driver/Src/stm32f4xx_hal_gpio.c 0x00000000   Number         0  stm32f4xx_hal_gpio.o ABSOLUTE
    ../Drivers/STM32F4xx_HAL_Driver/Src/stm32f4xx_hal_i2c.c 0x00000000   Number         0  stm32f4xx_hal_i2c.o ABSOLUTE
    ../Drivers/STM32F4xx_HAL_Driver/Src/stm32f4xx_hal_i2c_ex.c 0x00000000   Number         0  stm32f4xx_hal_i2c_ex.o ABSOLUTE
    ../Drivers/STM32F4xx_HAL_Driver/Src/stm32f4xx_hal_pwr.c 0x00000000   Number         0  stm32f4xx_hal_pwr.o ABSOLUTE
    ../Drivers/STM32F4xx_HAL_Driver/Src/stm32f4xx_hal_pwr_ex.c 0x00000000   Number         0  stm32f4xx_hal_pwr_ex.o ABSOLUTE
    ../Drivers/STM32F4xx_HAL_Driver/Src/stm32f4xx_hal_rcc.c 0x00000000   Number         0  stm32f4xx_hal_rcc.o ABSOLUTE
    ../Drivers/STM32F4xx_HAL_Driver/Src/stm32f4xx_hal_rcc_ex.c 0x00000000   Number         0  stm32f4xx_hal_rcc_ex.o ABSOLUTE
    ../Drivers/STM32F4xx_HAL_Driver/Src/stm32f4xx_hal_tim.c 0x00000000   Number         0  stm32f4xx_hal_tim.o ABSOLUTE
    ../Drivers/STM32F4xx_HAL_Driver/Src/stm32f4xx_hal_tim_ex.c 0x00000000   Number         0  stm32f4xx_hal_tim_ex.o ABSOLUTE
    ../Drivers/STM32F4xx_HAL_Driver/Src/stm32f4xx_hal_uart.c 0x00000000   Number         0  stm32f4xx_hal_uart.o ABSOLUTE
    ../Middlewares/Third_Party/FreeRTOS/Source/CMSIS_RTOS/cmsis_os.c 0x00000000   Number         0  cmsis_os.o ABSOLUTE
    ../Middlewares/Third_Party/FreeRTOS/Source/croutine.c 0x00000000   Number         0  croutine.o ABSOLUTE
    ../Middlewares/Third_Party/FreeRTOS/Source/event_groups.c 0x00000000   Number         0  event_groups.o ABSOLUTE
    ../Middlewares/Third_Party/FreeRTOS/Source/list.c 0x00000000   Number         0  list.o ABSOLUTE
    ../Middlewares/Third_Party/FreeRTOS/Source/portable/MemMang/heap_4.c 0x00000000   Number         0  heap_4.o ABSOLUTE
    ../Middlewares/Third_Party/FreeRTOS/Source/portable/RVDS/ARM_CM4F/port.c 0x00000000   Number         0  port.o ABSOLUTE
    ../Middlewares/Third_Party/FreeRTOS/Source/queue.c 0x00000000   Number         0  queue.o ABSOLUTE
    ../Middlewares/Third_Party/FreeRTOS/Source/tasks.c 0x00000000   Number         0  tasks.o ABSOLUTE
    ../Middlewares/Third_Party/FreeRTOS/Source/timers.c 0x00000000   Number         0  timers.o ABSOLUTE
    ../Src/freertos.c                        0x00000000   Number         0  freertos.o ABSOLUTE
    ../Src/main.c                            0x00000000   Number         0  main.o ABSOLUTE
    ../Src/stm32f4xx_hal_msp.c               0x00000000   Number         0  stm32f4xx_hal_msp.o ABSOLUTE
    ../Src/stm32f4xx_it.c                    0x00000000   Number         0  stm32f4xx_it.o ABSOLUTE
    ../clib/microlib/init/entry.s            0x00000000   Number         0  entry11a.o ABSOLUTE
    ../clib/microlib/init/entry.s            0x00000000   Number         0  entry10b.o ABSOLUTE
    ../clib/microlib/init/entry.s            0x00000000   Number         0  entry9a.o ABSOLUTE
    ../clib/microlib/init/entry.s            0x00000000   Number         0  entry11b.o ABSOLUTE
    ../clib/microlib/init/entry.s            0x00000000   Number         0  entry9b.o ABSOLUTE
    ../clib/microlib/init/entry.s            0x00000000   Number         0  entry10a.o ABSOLUTE
    ../clib/microlib/init/entry.s            0x00000000   Number         0  entry.o ABSOLUTE
    ../clib/microlib/init/entry.s            0x00000000   Number         0  entry2.o ABSOLUTE
    ../clib/microlib/init/entry.s            0x00000000   Number         0  entry5.o ABSOLUTE
    ../clib/microlib/init/entry.s            0x00000000   Number         0  entry7a.o ABSOLUTE
    ../clib/microlib/init/entry.s            0x00000000   Number         0  entry7b.o ABSOLUTE
    ../clib/microlib/init/entry.s            0x00000000   Number         0  entry8a.o ABSOLUTE
    ../clib/microlib/init/entry.s            0x00000000   Number         0  entry8b.o ABSOLUTE
    ../clib/microlib/longlong.c              0x00000000   Number         0  llshl.o ABSOLUTE
    ../clib/microlib/longlong.c              0x00000000   Number         0  llsshr.o ABSOLUTE
    ../clib/microlib/longlong.c              0x00000000   Number         0  llushr.o ABSOLUTE
    ../clib/microlib/string/memcpy.c         0x00000000   Number         0  memcpya.o ABSOLUTE
    ../clib/microlib/string/memcpy.c         0x00000000   Number         0  memcpyb.o ABSOLUTE
    ../clib/microlib/string/memset.c         0x00000000   Number         0  memseta.o ABSOLUTE
    ../clib/microlib/stubs.s                 0x00000000   Number         0  iusefp.o ABSOLUTE
    ../fplib/microlib/fpadd.c                0x00000000   Number         0  dadd.o ABSOLUTE
    ../fplib/microlib/fpdiv.c                0x00000000   Number         0  ddiv.o ABSOLUTE
    ../fplib/microlib/fpepilogue.c           0x00000000   Number         0  depilogue.o ABSOLUTE
    ../fplib/microlib/fpfix.c                0x00000000   Number         0  dfixui.o ABSOLUTE
    ../fplib/microlib/fpflt.c                0x00000000   Number         0  dflti.o ABSOLUTE
    ../fplib/microlib/fpmul.c                0x00000000   Number         0  dmul.o ABSOLUTE
    ../mathlib/floor.c                       0x00000000   Number         0  floor.o ABSOLUTE
    ..\Drivers\CMSIS\Device\ST\STM32F4xx\Source\Templates\system_stm32f4xx.c 0x00000000   Number         0  system_stm32f4xx.o ABSOLUTE
    ..\Drivers\STM32F4xx_HAL_Driver\Src\stm32f4xx_hal.c 0x00000000   Number         0  stm32f4xx_hal.o ABSOLUTE
    ..\Drivers\STM32F4xx_HAL_Driver\Src\stm32f4xx_hal_cortex.c 0x00000000   Number         0  stm32f4xx_hal_cortex.o ABSOLUTE
    ..\Drivers\STM32F4xx_HAL_Driver\Src\stm32f4xx_hal_dma.c 0x00000000   Number         0  stm32f4xx_hal_dma.o ABSOLUTE
    ..\Drivers\STM32F4xx_HAL_Driver\Src\stm32f4xx_hal_dma_ex.c 0x00000000   Number         0  stm32f4xx_hal_dma_ex.o ABSOLUTE
    ..\Drivers\STM32F4xx_HAL_Driver\Src\stm32f4xx_hal_flash.c 0x00000000   Number         0  stm32f4xx_hal_flash.o ABSOLUTE
    ..\Drivers\STM32F4xx_HAL_Driver\Src\stm32f4xx_hal_flash_ex.c 0x00000000   Number         0  stm32f4xx_hal_flash_ex.o ABSOLUTE
    ..\Drivers\STM32F4xx_HAL_Driver\Src\stm32f4xx_hal_flash_ramfunc.c 0x00000000   Number         0  stm32f4xx_hal_flash_ramfunc.o ABSOLUTE
    ..\Drivers\STM32F4xx_HAL_Driver\Src\stm32f4xx_hal_gpio.c 0x00000000   Number         0  stm32f4xx_hal_gpio.o ABSOLUTE
    ..\Drivers\STM32F4xx_HAL_Driver\Src\stm32f4xx_hal_i2c.c 0x00000000   Number         0  stm32f4xx_hal_i2c.o ABSOLUTE
    ..\Drivers\STM32F4xx_HAL_Driver\Src\stm32f4xx_hal_i2c_ex.c 0x00000000   Number         0  stm32f4xx_hal_i2c_ex.o ABSOLUTE
    ..\Drivers\STM32F4xx_HAL_Driver\Src\stm32f4xx_hal_pwr.c 0x00000000   Number         0  stm32f4xx_hal_pwr.o ABSOLUTE
    ..\Drivers\STM32F4xx_HAL_Driver\Src\stm32f4xx_hal_pwr_ex.c 0x00000000   Number         0  stm32f4xx_hal_pwr_ex.o ABSOLUTE
    ..\Drivers\STM32F4xx_HAL_Driver\Src\stm32f4xx_hal_rcc.c 0x00000000   Number         0  stm32f4xx_hal_rcc.o ABSOLUTE
    ..\Drivers\STM32F4xx_HAL_Driver\Src\stm32f4xx_hal_rcc_ex.c 0x00000000   Number         0  stm32f4xx_hal_rcc_ex.o ABSOLUTE
    ..\Drivers\STM32F4xx_HAL_Driver\Src\stm32f4xx_hal_tim.c 0x00000000   Number         0  stm32f4xx_hal_tim.o ABSOLUTE
    ..\Drivers\STM32F4xx_HAL_Driver\Src\stm32f4xx_hal_tim_ex.c 0x00000000   Number         0  stm32f4xx_hal_tim_ex.o ABSOLUTE
    ..\Drivers\STM32F4xx_HAL_Driver\Src\stm32f4xx_hal_uart.c 0x00000000   Number         0  stm32f4xx_hal_uart.o ABSOLUTE
    ..\Middlewares\Third_Party\FreeRTOS\Source\CMSIS_RTOS\cmsis_os.c 0x00000000   Number         0  cmsis_os.o ABSOLUTE
    ..\Middlewares\Third_Party\FreeRTOS\Source\portable\RVDS\ARM_CM4F\port.c 0x00000000   Number         0  port.o ABSOLUTE
    ..\Src\main.c                            0x00000000   Number         0  main.o ABSOLUTE
    ..\Src\stm32f4xx_hal_msp.c               0x00000000   Number         0  stm32f4xx_hal_msp.o ABSOLUTE
    ..\Src\stm32f4xx_it.c                    0x00000000   Number         0  stm32f4xx_it.o ABSOLUTE
    ..\Tasks\BNO055.c                        0x00000000   Number         0  bno055.o ABSOLUTE
    ..\Tasks\IMU.c                           0x00000000   Number         0  imu.o ABSOLUTE
    ..\Tasks\PID.c                           0x00000000   Number         0  pid.o ABSOLUTE
    ..\Tasks\flash.c                         0x00000000   Number         0  flash.o ABSOLUTE
    ..\Tasks\motor_cmd.c                     0x00000000   Number         0  motor_cmd.o ABSOLUTE
    ..\\Tasks\\BNO055.c                      0x00000000   Number         0  bno055.o ABSOLUTE
    ..\\Tasks\\IMU.c                         0x00000000   Number         0  imu.o ABSOLUTE
    ..\\Tasks\\flash.c                       0x00000000   Number         0  flash.o ABSOLUTE
    ..\\Tasks\\motor_cmd.c                   0x00000000   Number         0  motor_cmd.o ABSOLUTE
    cdcmple.s                                0x00000000   Number         0  cdcmple.o ABSOLUTE
    cdrcmple.s                               0x00000000   Number         0  cdrcmple.o ABSOLUTE
    dc.s                                     0x00000000   Number         0  dc.o ABSOLUTE
    handlers.s                               0x00000000   Number         0  handlers.o ABSOLUTE
    init.s                                   0x00000000   Number         0  init.o ABSOLUTE
    RESET                                    0x08000000   Section      392  startup_stm32f407xx.o(RESET)
    .ARM.Collect$$$$00000000                 0x08000188   Section        0  entry.o(.ARM.Collect$$$$00000000)
    .ARM.Collect$$$$00000001                 0x08000188   Section        4  entry2.o(.ARM.Collect$$$$00000001)
    .ARM.Collect$$$$00000004                 0x0800018c   Section        4  entry5.o(.ARM.Collect$$$$00000004)
    .ARM.Collect$$$$00000008                 0x08000190   Section        0  entry7b.o(.ARM.Collect$$$$00000008)
    .ARM.Collect$$$$0000000A                 0x08000190   Section        0  entry8b.o(.ARM.Collect$$$$0000000A)
    .ARM.Collect$$$$0000000B                 0x08000190   Section        8  entry9a.o(.ARM.Collect$$$$0000000B)
    .ARM.Collect$$$$0000000D                 0x08000198   Section        0  entry10a.o(.ARM.Collect$$$$0000000D)
    .ARM.Collect$$$$0000000F                 0x08000198   Section        0  entry11a.o(.ARM.Collect$$$$0000000F)
    .ARM.Collect$$$$00002712                 0x08000198   Section        4  entry2.o(.ARM.Collect$$$$00002712)
    __lit__00000000                          0x08000198   Data           4  entry2.o(.ARM.Collect$$$$00002712)
    .emb_text                                0x0800019c   Section      186  port.o(.emb_text)
    $v0                                      0x0800019c   Number         0  port.o(.emb_text)
    .text                                    0x08000258   Section       36  startup_stm32f407xx.o(.text)
    $v0                                      0x08000258   Number         0  startup_stm32f407xx.o(.text)
    .text                                    0x0800027c   Section        0  memcpya.o(.text)
    .text                                    0x080002a0   Section        0  memseta.o(.text)
    .text                                    0x080002c4   Section        0  dadd.o(.text)
    .text                                    0x08000412   Section        0  dmul.o(.text)
    .text                                    0x080004f6   Section        0  ddiv.o(.text)
    .text                                    0x080005d4   Section        0  dfixui.o(.text)
    .text                                    0x08000608   Section       48  cdrcmple.o(.text)
    .text                                    0x08000638   Section        0  llshl.o(.text)
    .text                                    0x08000656   Section        0  llushr.o(.text)
    .text                                    0x08000676   Section        0  llsshr.o(.text)
    .text                                    0x0800069a   Section        0  depilogue.o(.text)
    .text                                    0x0800069a   Section        0  iusefp.o(.text)
    .text                                    0x08000754   Section       36  init.o(.text)
    i.EXTI0_IRQHandler                       0x08000778   Section        0  stm32f4xx_it.o(i.EXTI0_IRQHandler)
    i.HAL_GPIO_EXTI_Callback                 0x08000794   Section        0  stm32f4xx_hal_gpio.o(i.HAL_GPIO_EXTI_Callback)
    i.HAL_GPIO_EXTI_IRQHandler               0x08000798   Section        0  stm32f4xx_hal_gpio.o(i.HAL_GPIO_EXTI_IRQHandler)
    i.HAL_GPIO_Init                          0x080007b0   Section        0  stm32f4xx_hal_gpio.o(i.HAL_GPIO_Init)
    i.HAL_GPIO_TogglePin                     0x08000970   Section        0  stm32f4xx_hal_gpio.o(i.HAL_GPIO_TogglePin)
    i.HAL_GetTick                            0x08000978   Section        0  stm32f4xx_hal.o(i.HAL_GetTick)
    i.HAL_I2C_EV_IRQHandler                  0x08000984   Section        0  stm32f4xx_hal_i2c.o(i.HAL_I2C_EV_IRQHandler)
    i.HAL_I2C_Init                           0x08000b1c   Section        0  stm32f4xx_hal_i2c.o(i.HAL_I2C_Init)
    i.HAL_I2C_MasterRxCpltCallback           0x08000c1c   Section        0  stm32f4xx_hal_i2c.o(i.HAL_I2C_MasterRxCpltCallback)
    i.HAL_I2C_MasterTxCpltCallback           0x08000c1e   Section        0  stm32f4xx_hal_i2c.o(i.HAL_I2C_MasterTxCpltCallback)
    i.HAL_I2C_Master_Transmit                0x08000c20   Section        0  stm32f4xx_hal_i2c.o(i.HAL_I2C_Master_Transmit)
    i.HAL_I2C_MemRxCpltCallback              0x08000d08   Section        0  stm32f4xx_hal_i2c.o(i.HAL_I2C_MemRxCpltCallback)
    i.HAL_I2C_MemTxCpltCallback              0x08000d0a   Section        0  stm32f4xx_hal_i2c.o(i.HAL_I2C_MemTxCpltCallback)
    i.HAL_I2C_MspInit                        0x08000d0c   Section        0  stm32f4xx_hal_msp.o(i.HAL_I2C_MspInit)
    i.HAL_I2C_SlaveRxCpltCallback            0x08000d68   Section        0  stm32f4xx_hal_i2c.o(i.HAL_I2C_SlaveRxCpltCallback)
    i.HAL_Init                               0x08000d6c   Section        0  stm32f4xx_hal.o(i.HAL_Init)
    i.HAL_InitTick                           0x08000da0   Section        0  stm32f4xx_hal.o(i.HAL_InitTick)
    i.HAL_MspInit                            0x08000dc2   Section        0  stm32f4xx_hal_msp.o(i.HAL_MspInit)
    i.HAL_NVIC_EnableIRQ                     0x08000dd8   Section        0  stm32f4xx_hal_cortex.o(i.HAL_NVIC_EnableIRQ)
    i.HAL_NVIC_SetPriority                   0x08000df0   Section        0  stm32f4xx_hal_cortex.o(i.HAL_NVIC_SetPriority)
    i.HAL_NVIC_SetPriorityGrouping           0x08000e30   Section        0  stm32f4xx_hal_cortex.o(i.HAL_NVIC_SetPriorityGrouping)
    i.HAL_RCC_ClockConfig                    0x08000e54   Section        0  stm32f4xx_hal_rcc.o(i.HAL_RCC_ClockConfig)
    i.HAL_RCC_GetHCLKFreq                    0x08001060   Section        0  stm32f4xx_hal_rcc.o(i.HAL_RCC_GetHCLKFreq)
    i.HAL_RCC_GetPCLK1Freq                   0x08001094   Section        0  stm32f4xx_hal_rcc.o(i.HAL_RCC_GetPCLK1Freq)
    i.HAL_RCC_GetPCLK2Freq                   0x080010c0   Section        0  stm32f4xx_hal_rcc.o(i.HAL_RCC_GetPCLK2Freq)
    i.HAL_RCC_GetSysClockFreq                0x080010ec   Section        0  stm32f4xx_hal_rcc.o(i.HAL_RCC_GetSysClockFreq)
    i.HAL_RCC_OscConfig                      0x0800115c   Section        0  stm32f4xx_hal_rcc.o(i.HAL_RCC_OscConfig)
    i.HAL_SYSTICK_CLKSourceConfig            0x08001494   Section        0  stm32f4xx_hal_cortex.o(i.HAL_SYSTICK_CLKSourceConfig)
    i.HAL_SYSTICK_Config                     0x080014ac   Section        0  stm32f4xx_hal_cortex.o(i.HAL_SYSTICK_Config)
    i.HAL_TIMEx_ConfigBreakDeadTime          0x080014d4   Section        0  stm32f4xx_hal_tim_ex.o(i.HAL_TIMEx_ConfigBreakDeadTime)
    i.HAL_TIMEx_MasterConfigSynchronization  0x08001516   Section        0  stm32f4xx_hal_tim_ex.o(i.HAL_TIMEx_MasterConfigSynchronization)
    i.HAL_TIM_Base_Init                      0x08001566   Section        0  stm32f4xx_hal_tim.o(i.HAL_TIM_Base_Init)
    i.HAL_TIM_Base_MspInit                   0x0800159c   Section        0  stm32f4xx_hal_msp.o(i.HAL_TIM_Base_MspInit)
    i.HAL_TIM_Base_Start                     0x08001648   Section        0  stm32f4xx_hal_tim.o(i.HAL_TIM_Base_Start)
    i.HAL_TIM_ConfigClockSource              0x08001662   Section        0  stm32f4xx_hal_tim.o(i.HAL_TIM_ConfigClockSource)
    i.HAL_TIM_Encoder_Start                  0x08001754   Section        0  stm32f4xx_hal_tim.o(i.HAL_TIM_Encoder_Start)
    i.HAL_TIM_OC_ConfigChannel               0x08001788   Section        0  stm32f4xx_hal_tim.o(i.HAL_TIM_OC_ConfigChannel)
    i.HAL_TIM_OC_Init                        0x080017de   Section        0  stm32f4xx_hal_tim.o(i.HAL_TIM_OC_Init)
    i.HAL_TIM_OC_MspInit                     0x08001814   Section        0  stm32f4xx_hal_msp.o(i.HAL_TIM_OC_MspInit)
    i.HAL_TIM_PWM_ConfigChannel              0x08001860   Section        0  stm32f4xx_hal_tim.o(i.HAL_TIM_PWM_ConfigChannel)
    i.HAL_TIM_PWM_Init                       0x08001930   Section        0  stm32f4xx_hal_tim.o(i.HAL_TIM_PWM_Init)
    i.HAL_TIM_PWM_MspInit                    0x08001968   Section        0  stm32f4xx_hal_msp.o(i.HAL_TIM_PWM_MspInit)
    i.HAL_TIM_PWM_Start                      0x080019e0   Section        0  stm32f4xx_hal_tim.o(i.HAL_TIM_PWM_Start)
    i.HAL_TIM_SlaveConfigSynchronization     0x08001a18   Section        0  stm32f4xx_hal_tim.o(i.HAL_TIM_SlaveConfigSynchronization)
    i.HAL_UART_Init                          0x08001a5a   Section        0  stm32f4xx_hal_uart.o(i.HAL_UART_Init)
    i.HAL_UART_MspInit                       0x08001ab8   Section        0  stm32f4xx_hal_msp.o(i.HAL_UART_MspInit)
    i.HAL_UART_Transmit                      0x08001b04   Section        0  stm32f4xx_hal_uart.o(i.HAL_UART_Transmit)
    i.I2C1_EV_IRQHandler                     0x08001bd0   Section        0  stm32f4xx_it.o(i.I2C1_EV_IRQHandler)
    i.I2C_MasterReceive_BTF                  0x08001bdc   Section        0  stm32f4xx_hal_i2c.o(i.I2C_MasterReceive_BTF)
    I2C_MasterReceive_BTF                    0x08001bdd   Thumb Code   128  stm32f4xx_hal_i2c.o(i.I2C_MasterReceive_BTF)
    i.I2C_MasterReceive_RXNE                 0x08001c5c   Section        0  stm32f4xx_hal_i2c.o(i.I2C_MasterReceive_RXNE)
    I2C_MasterReceive_RXNE                   0x08001c5d   Thumb Code   100  stm32f4xx_hal_i2c.o(i.I2C_MasterReceive_RXNE)
    i.I2C_MasterRequestWrite                 0x08001cc0   Section        0  stm32f4xx_hal_i2c.o(i.I2C_MasterRequestWrite)
    I2C_MasterRequestWrite                   0x08001cc1   Thumb Code   112  stm32f4xx_hal_i2c.o(i.I2C_MasterRequestWrite)
    i.I2C_WaitOnFlagUntilTimeout             0x08001d34   Section        0  stm32f4xx_hal_i2c.o(i.I2C_WaitOnFlagUntilTimeout)
    I2C_WaitOnFlagUntilTimeout               0x08001d35   Thumb Code   138  stm32f4xx_hal_i2c.o(i.I2C_WaitOnFlagUntilTimeout)
    i.I2C_WaitOnMasterAddressFlagUntilTimeout 0x08001dc0   Section        0  stm32f4xx_hal_i2c.o(i.I2C_WaitOnMasterAddressFlagUntilTimeout)
    I2C_WaitOnMasterAddressFlagUntilTimeout  0x08001dc1   Thumb Code   136  stm32f4xx_hal_i2c.o(i.I2C_WaitOnMasterAddressFlagUntilTimeout)
    i.MX_GPIO_Init                           0x08001e48   Section        0  main.o(i.MX_GPIO_Init)
    MX_GPIO_Init                             0x08001e49   Thumb Code   410  main.o(i.MX_GPIO_Init)
    i.MX_TIM12_Init                          0x08002004   Section        0  main.o(i.MX_TIM12_Init)
    MX_TIM12_Init                            0x08002005   Thumb Code    68  main.o(i.MX_TIM12_Init)
    i.MX_TIM1_Init                           0x08002050   Section        0  main.o(i.MX_TIM1_Init)
    MX_TIM1_Init                             0x08002051   Thumb Code   112  main.o(i.MX_TIM1_Init)
    i.MX_TIM3_Init                           0x080020c8   Section        0  main.o(i.MX_TIM3_Init)
    MX_TIM3_Init                             0x080020c9   Thumb Code    58  main.o(i.MX_TIM3_Init)
    i.MX_TIM4_Init                           0x0800210c   Section        0  main.o(i.MX_TIM4_Init)
    MX_TIM4_Init                             0x0800210d   Thumb Code    58  main.o(i.MX_TIM4_Init)
    i.MX_TIM5_Init                           0x08002150   Section        0  main.o(i.MX_TIM5_Init)
    MX_TIM5_Init                             0x08002151   Thumb Code    60  main.o(i.MX_TIM5_Init)
    i.MX_TIM9_Init                           0x08002194   Section        0  main.o(i.MX_TIM9_Init)
    MX_TIM9_Init                             0x08002195   Thumb Code    88  main.o(i.MX_TIM9_Init)
    i.NVIC_SetPriority                       0x080021f4   Section        0  stm32f4xx_hal_cortex.o(i.NVIC_SetPriority)
    NVIC_SetPriority                         0x080021f5   Thumb Code    32  stm32f4xx_hal_cortex.o(i.NVIC_SetPriority)
    i.PID_setup                              0x08002214   Section        0  pid.o(i.PID_setup)
    i.StartDefaultTask                       0x08002226   Section        0  main.o(i.StartDefaultTask)
    i.SysTick_Handler                        0x0800222e   Section        0  stm32f4xx_it.o(i.SysTick_Handler)
    i.SystemClock_Config                     0x08002234   Section        0  main.o(i.SystemClock_Config)
    i.SystemInit                             0x080022c4   Section        0  system_stm32f4xx.o(i.SystemInit)
    i.TIM_Base_SetConfig                     0x08002318   Section        0  stm32f4xx_hal_tim.o(i.TIM_Base_SetConfig)
    i.TIM_CCxChannelCmd                      0x080023d8   Section        0  stm32f4xx_hal_tim.o(i.TIM_CCxChannelCmd)
    i.TIM_ETR_SetConfig                      0x080023ee   Section        0  stm32f4xx_hal_tim.o(i.TIM_ETR_SetConfig)
    TIM_ETR_SetConfig                        0x080023ef   Thumb Code    20  stm32f4xx_hal_tim.o(i.TIM_ETR_SetConfig)
    i.TIM_ITRx_SetConfig                     0x08002402   Section        0  stm32f4xx_hal_tim.o(i.TIM_ITRx_SetConfig)
    TIM_ITRx_SetConfig                       0x08002403   Thumb Code    16  stm32f4xx_hal_tim.o(i.TIM_ITRx_SetConfig)
    i.TIM_OC1_SetConfig                      0x08002414   Section        0  stm32f4xx_hal_tim.o(i.TIM_OC1_SetConfig)
    TIM_OC1_SetConfig                        0x08002415   Thumb Code    80  stm32f4xx_hal_tim.o(i.TIM_OC1_SetConfig)
    i.TIM_OC2_SetConfig                      0x0800246c   Section        0  stm32f4xx_hal_tim.o(i.TIM_OC2_SetConfig)
    i.TIM_OC3_SetConfig                      0x080024d0   Section        0  stm32f4xx_hal_tim.o(i.TIM_OC3_SetConfig)
    TIM_OC3_SetConfig                        0x080024d1   Thumb Code    88  stm32f4xx_hal_tim.o(i.TIM_OC3_SetConfig)
    i.TIM_OC4_SetConfig                      0x08002530   Section        0  stm32f4xx_hal_tim.o(i.TIM_OC4_SetConfig)
    TIM_OC4_SetConfig                        0x08002531   Thumb Code    70  stm32f4xx_hal_tim.o(i.TIM_OC4_SetConfig)
    i.TIM_SlaveTimer_SetConfig               0x08002580   Section        0  stm32f4xx_hal_tim.o(i.TIM_SlaveTimer_SetConfig)
    TIM_SlaveTimer_SetConfig                 0x08002581   Thumb Code   124  stm32f4xx_hal_tim.o(i.TIM_SlaveTimer_SetConfig)
    i.TIM_TI1_ConfigInputStage               0x080025fc   Section        0  stm32f4xx_hal_tim.o(i.TIM_TI1_ConfigInputStage)
    TIM_TI1_ConfigInputStage                 0x080025fd   Thumb Code    34  stm32f4xx_hal_tim.o(i.TIM_TI1_ConfigInputStage)
    i.TIM_TI2_ConfigInputStage               0x0800261e   Section        0  stm32f4xx_hal_tim.o(i.TIM_TI2_ConfigInputStage)
    TIM_TI2_ConfigInputStage                 0x0800261f   Thumb Code    36  stm32f4xx_hal_tim.o(i.TIM_TI2_ConfigInputStage)
    i.UART_SetConfig                         0x08002644   Section        0  stm32f4xx_hal_uart.o(i.UART_SetConfig)
    UART_SetConfig                           0x08002645   Thumb Code   366  stm32f4xx_hal_uart.o(i.UART_SetConfig)
    i.UART_WaitOnFlagUntilTimeout            0x080027bc   Section        0  stm32f4xx_hal_uart.o(i.UART_WaitOnFlagUntilTimeout)
    UART_WaitOnFlagUntilTimeout              0x080027bd   Thumb Code   146  stm32f4xx_hal_uart.o(i.UART_WaitOnFlagUntilTimeout)
    i.__hardfp_floor                         0x08002850   Section        0  floor.o(i.__hardfp_floor)
    i.__scatterload_copy                     0x08002968   Section       14  handlers.o(i.__scatterload_copy)
    i.__scatterload_null                     0x08002976   Section        2  handlers.o(i.__scatterload_null)
    i.__scatterload_zeroinit                 0x08002978   Section       14  handlers.o(i.__scatterload_zeroinit)
    i._speed_to_pwm                          0x08002988   Section        0  motor_cmd.o(i._speed_to_pwm)
    _speed_to_pwm                            0x08002989   Thumb Code    88  motor_cmd.o(i._speed_to_pwm)
    i.main                                   0x080029f0   Section        0  main.o(i.main)
    i.makeFreeRtosPriority                   0x08002b1c   Section        0  cmsis_os.o(i.makeFreeRtosPriority)
    makeFreeRtosPriority                     0x08002b1d   Thumb Code    12  cmsis_os.o(i.makeFreeRtosPriority)
    i.osDelay                                0x08002b28   Section        0  cmsis_os.o(i.osDelay)
    i.osKernelStart                          0x08002b36   Section        0  cmsis_os.o(i.osKernelStart)
    i.osSystickHandler                       0x08002b40   Section        0  cmsis_os.o(i.osSystickHandler)
    i.osThreadCreate                         0x08002b54   Section        0  cmsis_os.o(i.osThreadCreate)
    i.prvAddCurrentTaskToDelayedList         0x08002b8c   Section        0  tasks.o(i.prvAddCurrentTaskToDelayedList)
    prvAddCurrentTaskToDelayedList           0x08002b8d   Thumb Code    48  tasks.o(i.prvAddCurrentTaskToDelayedList)
    i.prvCheckTasksWaitingTermination        0x08002bc0   Section        0  tasks.o(i.prvCheckTasksWaitingTermination)
    prvCheckTasksWaitingTermination          0x08002bc1   Thumb Code    76  tasks.o(i.prvCheckTasksWaitingTermination)
    i.prvCopyDataFromQueue                   0x08002c14   Section        0  queue.o(i.prvCopyDataFromQueue)
    prvCopyDataFromQueue                     0x08002c15   Thumb Code    38  queue.o(i.prvCopyDataFromQueue)
    i.prvCopyDataToQueue                     0x08002c3a   Section        0  queue.o(i.prvCopyDataToQueue)
    prvCopyDataToQueue                       0x08002c3b   Thumb Code   110  queue.o(i.prvCopyDataToQueue)
    i.prvHeapInit                            0x08002ca8   Section        0  heap_4.o(i.prvHeapInit)
    prvHeapInit                              0x08002ca9   Thumb Code    66  heap_4.o(i.prvHeapInit)
    i.prvIdleTask                            0x08002cf4   Section        0  tasks.o(i.prvIdleTask)
    prvIdleTask                              0x08002cf5   Thumb Code    30  tasks.o(i.prvIdleTask)
    i.prvInsertBlockIntoFreeList             0x08002d1c   Section        0  heap_4.o(i.prvInsertBlockIntoFreeList)
    prvInsertBlockIntoFreeList               0x08002d1d   Thumb Code    72  heap_4.o(i.prvInsertBlockIntoFreeList)
    i.prvResetNextTaskUnblockTime            0x08002d68   Section        0  tasks.o(i.prvResetNextTaskUnblockTime)
    prvResetNextTaskUnblockTime              0x08002d69   Thumb Code    26  tasks.o(i.prvResetNextTaskUnblockTime)
    i.prvTaskExitError                       0x08002d88   Section        0  port.o(i.prvTaskExitError)
    prvTaskExitError                         0x08002d89   Thumb Code    36  port.o(i.prvTaskExitError)
    i.prvUnlockQueue                         0x08002db0   Section        0  queue.o(i.prvUnlockQueue)
    prvUnlockQueue                           0x08002db1   Thumb Code   100  queue.o(i.prvUnlockQueue)
    i.pvPortMalloc                           0x08002e14   Section        0  heap_4.o(i.pvPortMalloc)
    i.pvTaskIncrementMutexHeldCount          0x08002eec   Section        0  tasks.o(i.pvTaskIncrementMutexHeldCount)
    i.pxPortInitialiseStack                  0x08002f04   Section        0  port.o(i.pxPortInitialiseStack)
    i.uxListRemove                           0x08002f2c   Section        0  list.o(i.uxListRemove)
    i.vBTNTask                               0x08002f50   Section        0  main.o(i.vBTNTask)
    i.vListInitialise                        0x08002fac   Section        0  list.o(i.vListInitialise)
    i.vListInitialiseItem                    0x08002fc2   Section        0  list.o(i.vListInitialiseItem)
    i.vListInsert                            0x08002fc8   Section        0  list.o(i.vListInsert)
    i.vListInsertEnd                         0x08002ff8   Section        0  list.o(i.vListInsertEnd)
    i.vMotorCMDTask                          0x08003010   Section        0  motor_cmd.o(i.vMotorCMDTask)
    vMotorCMDTask                            0x08003011   Thumb Code   102  motor_cmd.o(i.vMotorCMDTask)
    i.vPortEnterCritical                     0x08003090   Section        0  port.o(i.vPortEnterCritical)
    i.vPortExitCritical                      0x080030d0   Section        0  port.o(i.vPortExitCritical)
    i.vPortFree                              0x080030f8   Section        0  heap_4.o(i.vPortFree)
    i.vPortSetupTimerInterrupt               0x08003154   Section        0  port.o(i.vPortSetupTimerInterrupt)
    i.vPortValidateInterruptPriority         0x08003174   Section        0  port.o(i.vPortValidateInterruptPriority)
    i.vStartMotorCMDTask                     0x080031c8   Section        0  motor_cmd.o(i.vStartMotorCMDTask)
    i.vTaskDelay                             0x080032c8   Section        0  tasks.o(i.vTaskDelay)
    i.vTaskDelayUntil                        0x08003330   Section        0  tasks.o(i.vTaskDelayUntil)
    i.vTaskMissedYield                       0x080033d8   Section        0  tasks.o(i.vTaskMissedYield)
    i.vTaskPlaceOnEventList                  0x080033e4   Section        0  tasks.o(i.vTaskPlaceOnEventList)
    i.vTaskPriorityInherit                   0x08003448   Section        0  tasks.o(i.vTaskPriorityInherit)
    i.vTaskSetTimeOutState                   0x080034cc   Section        0  tasks.o(i.vTaskSetTimeOutState)
    i.vTaskStartScheduler                    0x080034f0   Section        0  tasks.o(i.vTaskStartScheduler)
    i.vTaskSuspendAll                        0x08003550   Section        0  tasks.o(i.vTaskSuspendAll)
    i.vTaskSwitchContext                     0x08003560   Section        0  tasks.o(i.vTaskSwitchContext)
    i.vUARTTest                              0x080035bc   Section        0  main.o(i.vUARTTest)
    i.xPortStartScheduler                    0x080035f8   Section        0  port.o(i.xPortStartScheduler)
    i.xPortSysTickHandler                    0x080036d8   Section        0  port.o(i.xPortSysTickHandler)
    i.xQueueGenericCreate                    0x08003704   Section        0  queue.o(i.xQueueGenericCreate)
    i.xQueueGenericReceive                   0x08003768   Section        0  queue.o(i.xQueueGenericReceive)
    i.xQueueGenericReset                     0x080038d4   Section        0  queue.o(i.xQueueGenericReset)
    i.xQueueGenericSend                      0x08003958   Section        0  queue.o(i.xQueueGenericSend)
    i.xQueueGiveFromISR                      0x08003ab8   Section        0  queue.o(i.xQueueGiveFromISR)
    i.xTaskCheckForTimeOut                   0x08003b54   Section        0  tasks.o(i.xTaskCheckForTimeOut)
    i.xTaskGenericCreate                     0x08003bc0   Section        0  tasks.o(i.xTaskGenericCreate)
    i.xTaskGetSchedulerState                 0x08003d7c   Section        0  tasks.o(i.xTaskGetSchedulerState)
    i.xTaskGetTickCount                      0x08003d98   Section        0  tasks.o(i.xTaskGetTickCount)
    i.xTaskIncrementTick                     0x08003da4   Section        0  tasks.o(i.xTaskIncrementTick)
    i.xTaskPriorityDisinherit                0x08003e70   Section        0  tasks.o(i.xTaskPriorityDisinherit)
    i.xTaskRemoveFromEventList               0x08003f08   Section        0  tasks.o(i.xTaskRemoveFromEventList)
    i.xTaskResumeAll                         0x08003f7c   Section        0  tasks.o(i.xTaskResumeAll)
    .constdata                               0x08004040   Section       36  main.o(.constdata)
    .constdata                               0x08004064   Section       16  stm32f4xx_hal_rcc.o(.constdata)
    .conststring                             0x08004074   Section       12  main.o(.conststring)
    .data                                    0x20000000   Section       16  main.o(.data)
    .data                                    0x20000010   Section       24  heap_4.o(.data)
    pxEnd                                    0x20000010   Data           4  heap_4.o(.data)
    xFreeBytesRemaining                      0x20000014   Data           4  heap_4.o(.data)
    xMinimumEverFreeBytesRemaining           0x20000018   Data           4  heap_4.o(.data)
    xBlockAllocatedBit                       0x2000001c   Data           4  heap_4.o(.data)
    xStart                                   0x20000020   Data           8  heap_4.o(.data)
    .data                                    0x20000028   Section       12  port.o(.data)
    ucMaxSysCallPriority                     0x20000028   Data           1  port.o(.data)
    uxCriticalNesting                        0x2000002c   Data           4  port.o(.data)
    ulMaxPRIGROUPValue                       0x20000030   Data           4  port.o(.data)
    .data                                    0x20000034   Section       56  tasks.o(.data)
    uxTasksDeleted                           0x20000038   Data           4  tasks.o(.data)
    uxCurrentNumberOfTasks                   0x2000003c   Data           4  tasks.o(.data)
    xTickCount                               0x20000040   Data           4  tasks.o(.data)
    uxTopReadyPriority                       0x20000044   Data           4  tasks.o(.data)
    xSchedulerRunning                        0x20000048   Data           4  tasks.o(.data)
    uxPendedTicks                            0x2000004c   Data           4  tasks.o(.data)
    xYieldPending                            0x20000050   Data           4  tasks.o(.data)
    xNumOfOverflows                          0x20000054   Data           4  tasks.o(.data)
    uxTaskNumber                             0x20000058   Data           4  tasks.o(.data)
    xNextTaskUnblockTime                     0x2000005c   Data           4  tasks.o(.data)
    uxSchedulerSuspended                     0x20000060   Data           4  tasks.o(.data)
    pxDelayedTaskList                        0x20000064   Data           4  tasks.o(.data)
    pxOverflowDelayedTaskList                0x20000068   Data           4  tasks.o(.data)
    .data                                    0x2000006c   Section        4  stm32f4xx_hal.o(.data)
    uwTick                                   0x2000006c   Data           4  stm32f4xx_hal.o(.data)
    .data                                    0x20000070   Section        4  system_stm32f4xx.o(.data)
    .data                                    0x20000074   Section        2  motor_cmd.o(.data)
    .bss                                     0x20000078   Section      484  main.o(.bss)
    .bss                                     0x2000025c   Section    15360  heap_4.o(.bss)
    ucHeap                                   0x2000025c   Data       15360  heap_4.o(.bss)
    .bss                                     0x20003e5c   Section      240  tasks.o(.bss)
    pxReadyTasksLists                        0x20003e5c   Data         140  tasks.o(.bss)
    xDelayedTaskList1                        0x20003ee8   Data          20  tasks.o(.bss)
    xDelayedTaskList2                        0x20003efc   Data          20  tasks.o(.bss)
    xPendingReadyList                        0x20003f10   Data          20  tasks.o(.bss)
    xTasksWaitingTermination                 0x20003f24   Data          20  tasks.o(.bss)
    xSuspendedTaskList                       0x20003f38   Data          20  tasks.o(.bss)
    .bss                                     0x20003f50   Section      112  motor_cmd.o(.bss)
    STACK                                    0x20003fc0   Section     1024  startup_stm32f407xx.o(STACK)

    Global Symbols

    Symbol Name                              Value     Ov Type        Size  Object(Section)

    BuildAttributes$$THM_ISAv4$E$P$D$K$B$S$7EM$VFPi3$EXTD16$VFPS$VFMA$PE$A:L22UL41UL21$X:L11$S22US41US21$IEEE1$IW$USESV6$~STKCKD$USESV7$~SHL$OTIME$ROPI$IEEEJ$EBA8$MICROLIB$REQ8$PRES8$EABIv2 0x00000000   Number         0  anon$$obj.o ABSOLUTE
    __ARM_use_no_argv                        0x00000000   Number         0  main.o ABSOLUTE
    __cpp_initialize__aeabi_                  - Undefined Weak Reference
    __cxa_finalize                            - Undefined Weak Reference
    __decompress                              - Undefined Weak Reference
    _clock_init                               - Undefined Weak Reference
    _microlib_exit                            - Undefined Weak Reference
    __Vectors_Size                           0x00000188   Number         0  startup_stm32f407xx.o ABSOLUTE
    __Vectors                                0x08000000   Data           4  startup_stm32f407xx.o(RESET)
    __Vectors_End                            0x08000188   Data           0  startup_stm32f407xx.o(RESET)
    __main                                   0x08000189   Thumb Code     0  entry.o(.ARM.Collect$$$$00000000)
    _main_stk                                0x08000189   Thumb Code     0  entry2.o(.ARM.Collect$$$$00000001)
    _main_scatterload                        0x0800018d   Thumb Code     0  entry5.o(.ARM.Collect$$$$00000004)
    __main_after_scatterload                 0x08000191   Thumb Code     0  entry5.o(.ARM.Collect$$$$00000004)
    _main_clock                              0x08000191   Thumb Code     0  entry7b.o(.ARM.Collect$$$$00000008)
    _main_cpp_init                           0x08000191   Thumb Code     0  entry8b.o(.ARM.Collect$$$$0000000A)
    _main_init                               0x08000191   Thumb Code     0  entry9a.o(.ARM.Collect$$$$0000000B)
    __rt_final_cpp                           0x08000199   Thumb Code     0  entry10a.o(.ARM.Collect$$$$0000000D)
    __rt_final_exit                          0x08000199   Thumb Code     0  entry11a.o(.ARM.Collect$$$$0000000F)
    SVC_Handler                              0x0800019d   Thumb Code    28  port.o(.emb_text)
    __asm___6_port_c_39a90d8d__prvStartFirstTask 0x080001bd   Thumb Code    28  port.o(.emb_text)
    __asm___6_port_c_39a90d8d__prvEnableVFP  0x080001dd   Thumb Code    16  port.o(.emb_text)
    PendSV_Handler                           0x080001f1   Thumb Code    92  port.o(.emb_text)
    vPortGetIPSR                             0x08000251   Thumb Code     6  port.o(.emb_text)
    Reset_Handler                            0x08000259   Thumb Code     8  startup_stm32f407xx.o(.text)
    NMI_Handler                              0x08000261   Thumb Code     2  startup_stm32f407xx.o(.text)
    HardFault_Handler                        0x08000263   Thumb Code     2  startup_stm32f407xx.o(.text)
    MemManage_Handler                        0x08000265   Thumb Code     2  startup_stm32f407xx.o(.text)
    BusFault_Handler                         0x08000267   Thumb Code     2  startup_stm32f407xx.o(.text)
    UsageFault_Handler                       0x08000269   Thumb Code     2  startup_stm32f407xx.o(.text)
    DebugMon_Handler                         0x0800026d   Thumb Code     2  startup_stm32f407xx.o(.text)
    ADC_IRQHandler                           0x08000273   Thumb Code     0  startup_stm32f407xx.o(.text)
    CAN1_RX0_IRQHandler                      0x08000273   Thumb Code     0  startup_stm32f407xx.o(.text)
    CAN1_RX1_IRQHandler                      0x08000273   Thumb Code     0  startup_stm32f407xx.o(.text)
    CAN1_SCE_IRQHandler                      0x08000273   Thumb Code     0  startup_stm32f407xx.o(.text)
    CAN1_TX_IRQHandler                       0x08000273   Thumb Code     0  startup_stm32f407xx.o(.text)
    CAN2_RX0_IRQHandler                      0x08000273   Thumb Code     0  startup_stm32f407xx.o(.text)
    CAN2_RX1_IRQHandler                      0x08000273   Thumb Code     0  startup_stm32f407xx.o(.text)
    CAN2_SCE_IRQHandler                      0x08000273   Thumb Code     0  startup_stm32f407xx.o(.text)
    CAN2_TX_IRQHandler                       0x08000273   Thumb Code     0  startup_stm32f407xx.o(.text)
    DCMI_IRQHandler                          0x08000273   Thumb Code     0  startup_stm32f407xx.o(.text)
    DMA1_Stream0_IRQHandler                  0x08000273   Thumb Code     0  startup_stm32f407xx.o(.text)
    DMA1_Stream1_IRQHandler                  0x08000273   Thumb Code     0  startup_stm32f407xx.o(.text)
    DMA1_Stream2_IRQHandler                  0x08000273   Thumb Code     0  startup_stm32f407xx.o(.text)
    DMA1_Stream3_IRQHandler                  0x08000273   Thumb Code     0  startup_stm32f407xx.o(.text)
    DMA1_Stream4_IRQHandler                  0x08000273   Thumb Code     0  startup_stm32f407xx.o(.text)
    DMA1_Stream5_IRQHandler                  0x08000273   Thumb Code     0  startup_stm32f407xx.o(.text)
    DMA1_Stream6_IRQHandler                  0x08000273   Thumb Code     0  startup_stm32f407xx.o(.text)
    DMA1_Stream7_IRQHandler                  0x08000273   Thumb Code     0  startup_stm32f407xx.o(.text)
    DMA2_Stream0_IRQHandler                  0x08000273   Thumb Code     0  startup_stm32f407xx.o(.text)
    DMA2_Stream1_IRQHandler                  0x08000273   Thumb Code     0  startup_stm32f407xx.o(.text)
    DMA2_Stream2_IRQHandler                  0x08000273   Thumb Code     0  startup_stm32f407xx.o(.text)
    DMA2_Stream3_IRQHandler                  0x08000273   Thumb Code     0  startup_stm32f407xx.o(.text)
    DMA2_Stream4_IRQHandler                  0x08000273   Thumb Code     0  startup_stm32f407xx.o(.text)
    DMA2_Stream5_IRQHandler                  0x08000273   Thumb Code     0  startup_stm32f407xx.o(.text)
    DMA2_Stream6_IRQHandler                  0x08000273   Thumb Code     0  startup_stm32f407xx.o(.text)
    DMA2_Stream7_IRQHandler                  0x08000273   Thumb Code     0  startup_stm32f407xx.o(.text)
    ETH_IRQHandler                           0x08000273   Thumb Code     0  startup_stm32f407xx.o(.text)
    ETH_WKUP_IRQHandler                      0x08000273   Thumb Code     0  startup_stm32f407xx.o(.text)
    EXTI15_10_IRQHandler                     0x08000273   Thumb Code     0  startup_stm32f407xx.o(.text)
    EXTI1_IRQHandler                         0x08000273   Thumb Code     0  startup_stm32f407xx.o(.text)
    EXTI2_IRQHandler                         0x08000273   Thumb Code     0  startup_stm32f407xx.o(.text)
    EXTI3_IRQHandler                         0x08000273   Thumb Code     0  startup_stm32f407xx.o(.text)
    EXTI4_IRQHandler                         0x08000273   Thumb Code     0  startup_stm32f407xx.o(.text)
    EXTI9_5_IRQHandler                       0x08000273   Thumb Code     0  startup_stm32f407xx.o(.text)
    FLASH_IRQHandler                         0x08000273   Thumb Code     0  startup_stm32f407xx.o(.text)
    FMC_IRQHandler                           0x08000273   Thumb Code     0  startup_stm32f407xx.o(.text)
    FPU_IRQHandler                           0x08000273   Thumb Code     0  startup_stm32f407xx.o(.text)
    HASH_RNG_IRQHandler                      0x08000273   Thumb Code     0  startup_stm32f407xx.o(.text)
    I2C1_ER_IRQHandler                       0x08000273   Thumb Code     0  startup_stm32f407xx.o(.text)
    I2C2_ER_IRQHandler                       0x08000273   Thumb Code     0  startup_stm32f407xx.o(.text)
    I2C2_EV_IRQHandler                       0x08000273   Thumb Code     0  startup_stm32f407xx.o(.text)
    I2C3_ER_IRQHandler                       0x08000273   Thumb Code     0  startup_stm32f407xx.o(.text)
    I2C3_EV_IRQHandler                       0x08000273   Thumb Code     0  startup_stm32f407xx.o(.text)
    OTG_FS_IRQHandler                        0x08000273   Thumb Code     0  startup_stm32f407xx.o(.text)
    OTG_FS_WKUP_IRQHandler                   0x08000273   Thumb Code     0  startup_stm32f407xx.o(.text)
    OTG_HS_EP1_IN_IRQHandler                 0x08000273   Thumb Code     0  startup_stm32f407xx.o(.text)
    OTG_HS_EP1_OUT_IRQHandler                0x08000273   Thumb Code     0  startup_stm32f407xx.o(.text)
    OTG_HS_IRQHandler                        0x08000273   Thumb Code     0  startup_stm32f407xx.o(.text)
    OTG_HS_WKUP_IRQHandler                   0x08000273   Thumb Code     0  startup_stm32f407xx.o(.text)
    PVD_IRQHandler                           0x08000273   Thumb Code     0  startup_stm32f407xx.o(.text)
    RCC_IRQHandler                           0x08000273   Thumb Code     0  startup_stm32f407xx.o(.text)
    RTC_Alarm_IRQHandler                     0x08000273   Thumb Code     0  startup_stm32f407xx.o(.text)
    RTC_WKUP_IRQHandler                      0x08000273   Thumb Code     0  startup_stm32f407xx.o(.text)
    SDIO_IRQHandler                          0x08000273   Thumb Code     0  startup_stm32f407xx.o(.text)
    SPI1_IRQHandler                          0x08000273   Thumb Code     0  startup_stm32f407xx.o(.text)
    SPI2_IRQHandler                          0x08000273   Thumb Code     0  startup_stm32f407xx.o(.text)
    SPI3_IRQHandler                          0x08000273   Thumb Code     0  startup_stm32f407xx.o(.text)
    TAMP_STAMP_IRQHandler                    0x08000273   Thumb Code     0  startup_stm32f407xx.o(.text)
    TIM1_BRK_TIM9_IRQHandler                 0x08000273   Thumb Code     0  startup_stm32f407xx.o(.text)
    TIM1_CC_IRQHandler                       0x08000273   Thumb Code     0  startup_stm32f407xx.o(.text)
    TIM1_TRG_COM_TIM11_IRQHandler            0x08000273   Thumb Code     0  startup_stm32f407xx.o(.text)
    TIM1_UP_TIM10_IRQHandler                 0x08000273   Thumb Code     0  startup_stm32f407xx.o(.text)
    TIM2_IRQHandler                          0x08000273   Thumb Code     0  startup_stm32f407xx.o(.text)
    TIM3_IRQHandler                          0x08000273   Thumb Code     0  startup_stm32f407xx.o(.text)
    TIM4_IRQHandler                          0x08000273   Thumb Code     0  startup_stm32f407xx.o(.text)
    TIM5_IRQHandler                          0x08000273   Thumb Code     0  startup_stm32f407xx.o(.text)
    TIM6_DAC_IRQHandler                      0x08000273   Thumb Code     0  startup_stm32f407xx.o(.text)
    TIM7_IRQHandler                          0x08000273   Thumb Code     0  startup_stm32f407xx.o(.text)
    TIM8_BRK_TIM12_IRQHandler                0x08000273   Thumb Code     0  startup_stm32f407xx.o(.text)
    TIM8_CC_IRQHandler                       0x08000273   Thumb Code     0  startup_stm32f407xx.o(.text)
    TIM8_TRG_COM_TIM14_IRQHandler            0x08000273   Thumb Code     0  startup_stm32f407xx.o(.text)
    TIM8_UP_TIM13_IRQHandler                 0x08000273   Thumb Code     0  startup_stm32f407xx.o(.text)
    UART4_IRQHandler                         0x08000273   Thumb Code     0  startup_stm32f407xx.o(.text)
    UART5_IRQHandler                         0x08000273   Thumb Code     0  startup_stm32f407xx.o(.text)
    USART1_IRQHandler                        0x08000273   Thumb Code     0  startup_stm32f407xx.o(.text)
    USART2_IRQHandler                        0x08000273   Thumb Code     0  startup_stm32f407xx.o(.text)
    USART3_IRQHandler                        0x08000273   Thumb Code     0  startup_stm32f407xx.o(.text)
    USART6_IRQHandler                        0x08000273   Thumb Code     0  startup_stm32f407xx.o(.text)
    WWDG_IRQHandler                          0x08000273   Thumb Code     0  startup_stm32f407xx.o(.text)
    __aeabi_memcpy                           0x0800027d   Thumb Code    36  memcpya.o(.text)
    __aeabi_memcpy4                          0x0800027d   Thumb Code     0  memcpya.o(.text)
    __aeabi_memcpy8                          0x0800027d   Thumb Code     0  memcpya.o(.text)
    __aeabi_memset                           0x080002a1   Thumb Code    14  memseta.o(.text)
    __aeabi_memset4                          0x080002a1   Thumb Code     0  memseta.o(.text)
    __aeabi_memset8                          0x080002a1   Thumb Code     0  memseta.o(.text)
    __aeabi_memclr                           0x080002af   Thumb Code     4  memseta.o(.text)
    __aeabi_memclr4                          0x080002af   Thumb Code     0  memseta.o(.text)
    __aeabi_memclr8                          0x080002af   Thumb Code     0  memseta.o(.text)
    _memset$wrapper                          0x080002b3   Thumb Code    18  memseta.o(.text)
    __aeabi_dadd                             0x080002c5   Thumb Code   322  dadd.o(.text)
    __aeabi_dsub                             0x08000407   Thumb Code     6  dadd.o(.text)
    __aeabi_drsub                            0x0800040d   Thumb Code     6  dadd.o(.text)
    __aeabi_dmul                             0x08000413   Thumb Code   228  dmul.o(.text)
    __aeabi_ddiv                             0x080004f7   Thumb Code   222  ddiv.o(.text)
    __aeabi_d2uiz                            0x080005d5   Thumb Code    50  dfixui.o(.text)
    __aeabi_cdrcmple                         0x08000609   Thumb Code    48  cdrcmple.o(.text)
    __aeabi_llsl                             0x08000639   Thumb Code    30  llshl.o(.text)
    _ll_shift_l                              0x08000639   Thumb Code     0  llshl.o(.text)
    __aeabi_llsr                             0x08000657   Thumb Code    32  llushr.o(.text)
    _ll_ushift_r                             0x08000657   Thumb Code     0  llushr.o(.text)
    __aeabi_lasr                             0x08000677   Thumb Code    36  llsshr.o(.text)
    _ll_sshift_r                             0x08000677   Thumb Code     0  llsshr.o(.text)
    __I$use$fp                               0x0800069b   Thumb Code     0  iusefp.o(.text)
    _double_round                            0x0800069b   Thumb Code    30  depilogue.o(.text)
    _double_epilogue                         0x080006b9   Thumb Code   156  depilogue.o(.text)
    __scatterload                            0x08000755   Thumb Code    28  init.o(.text)
    __scatterload_rt2                        0x08000755   Thumb Code     0  init.o(.text)
    EXTI0_IRQHandler                         0x08000779   Thumb Code    24  stm32f4xx_it.o(i.EXTI0_IRQHandler)
    HAL_GPIO_EXTI_Callback                   0x08000795   Thumb Code     2  stm32f4xx_hal_gpio.o(i.HAL_GPIO_EXTI_Callback)
    HAL_GPIO_EXTI_IRQHandler                 0x08000799   Thumb Code    18  stm32f4xx_hal_gpio.o(i.HAL_GPIO_EXTI_IRQHandler)
    HAL_GPIO_Init                            0x080007b1   Thumb Code   398  stm32f4xx_hal_gpio.o(i.HAL_GPIO_Init)
    HAL_GPIO_TogglePin                       0x08000971   Thumb Code     8  stm32f4xx_hal_gpio.o(i.HAL_GPIO_TogglePin)
    HAL_GetTick                              0x08000979   Thumb Code     6  stm32f4xx_hal.o(i.HAL_GetTick)
    HAL_I2C_EV_IRQHandler                    0x08000985   Thumb Code   406  stm32f4xx_hal_i2c.o(i.HAL_I2C_EV_IRQHandler)
    HAL_I2C_Init                             0x08000b1d   Thumb Code   246  stm32f4xx_hal_i2c.o(i.HAL_I2C_Init)
    HAL_I2C_MasterRxCpltCallback             0x08000c1d   Thumb Code     2  stm32f4xx_hal_i2c.o(i.HAL_I2C_MasterRxCpltCallback)
    HAL_I2C_MasterTxCpltCallback             0x08000c1f   Thumb Code     2  stm32f4xx_hal_i2c.o(i.HAL_I2C_MasterTxCpltCallback)
    HAL_I2C_Master_Transmit                  0x08000c21   Thumb Code   224  stm32f4xx_hal_i2c.o(i.HAL_I2C_Master_Transmit)
    HAL_I2C_MemRxCpltCallback                0x08000d09   Thumb Code     2  stm32f4xx_hal_i2c.o(i.HAL_I2C_MemRxCpltCallback)
    HAL_I2C_MemTxCpltCallback                0x08000d0b   Thumb Code     2  stm32f4xx_hal_i2c.o(i.HAL_I2C_MemTxCpltCallback)
    HAL_I2C_MspInit                          0x08000d0d   Thumb Code    80  stm32f4xx_hal_msp.o(i.HAL_I2C_MspInit)
    HAL_I2C_SlaveRxCpltCallback              0x08000d69   Thumb Code     2  stm32f4xx_hal_i2c.o(i.HAL_I2C_SlaveRxCpltCallback)
    HAL_Init                                 0x08000d6d   Thumb Code    48  stm32f4xx_hal.o(i.HAL_Init)
    HAL_InitTick                             0x08000da1   Thumb Code    34  stm32f4xx_hal.o(i.HAL_InitTick)
    HAL_MspInit                              0x08000dc3   Thumb Code    22  stm32f4xx_hal_msp.o(i.HAL_MspInit)
    HAL_NVIC_EnableIRQ                       0x08000dd9   Thumb Code    22  stm32f4xx_hal_cortex.o(i.HAL_NVIC_EnableIRQ)
    HAL_NVIC_SetPriority                     0x08000df1   Thumb Code    60  stm32f4xx_hal_cortex.o(i.HAL_NVIC_SetPriority)
    HAL_NVIC_SetPriorityGrouping             0x08000e31   Thumb Code    26  stm32f4xx_hal_cortex.o(i.HAL_NVIC_SetPriorityGrouping)
    HAL_RCC_ClockConfig                      0x08000e55   Thumb Code   514  stm32f4xx_hal_rcc.o(i.HAL_RCC_ClockConfig)
    HAL_RCC_GetHCLKFreq                      0x08001061   Thumb Code    38  stm32f4xx_hal_rcc.o(i.HAL_RCC_GetHCLKFreq)
    HAL_RCC_GetPCLK1Freq                     0x08001095   Thumb Code    36  stm32f4xx_hal_rcc.o(i.HAL_RCC_GetPCLK1Freq)
    HAL_RCC_GetPCLK2Freq                     0x080010c1   Thumb Code    36  stm32f4xx_hal_rcc.o(i.HAL_RCC_GetPCLK2Freq)
    HAL_RCC_GetSysClockFreq                  0x080010ed   Thumb Code   104  stm32f4xx_hal_rcc.o(i.HAL_RCC_GetSysClockFreq)
    HAL_RCC_OscConfig                        0x0800115d   Thumb Code   802  stm32f4xx_hal_rcc.o(i.HAL_RCC_OscConfig)
    HAL_SYSTICK_CLKSourceConfig              0x08001495   Thumb Code    24  stm32f4xx_hal_cortex.o(i.HAL_SYSTICK_CLKSourceConfig)
    HAL_SYSTICK_Config                       0x080014ad   Thumb Code    40  stm32f4xx_hal_cortex.o(i.HAL_SYSTICK_Config)
    HAL_TIMEx_ConfigBreakDeadTime            0x080014d5   Thumb Code    66  stm32f4xx_hal_tim_ex.o(i.HAL_TIMEx_ConfigBreakDeadTime)
    HAL_TIMEx_MasterConfigSynchronization    0x08001517   Thumb Code    80  stm32f4xx_hal_tim_ex.o(i.HAL_TIMEx_MasterConfigSynchronization)
    HAL_TIM_Base_Init                        0x08001567   Thumb Code    54  stm32f4xx_hal_tim.o(i.HAL_TIM_Base_Init)
    HAL_TIM_Base_MspInit                     0x0800159d   Thumb Code   144  stm32f4xx_hal_msp.o(i.HAL_TIM_Base_MspInit)
    HAL_TIM_Base_Start                       0x08001649   Thumb Code    26  stm32f4xx_hal_tim.o(i.HAL_TIM_Base_Start)
    HAL_TIM_ConfigClockSource                0x08001663   Thumb Code   242  stm32f4xx_hal_tim.o(i.HAL_TIM_ConfigClockSource)
    HAL_TIM_Encoder_Start                    0x08001755   Thumb Code    52  stm32f4xx_hal_tim.o(i.HAL_TIM_Encoder_Start)
    HAL_TIM_OC_ConfigChannel                 0x08001789   Thumb Code    86  stm32f4xx_hal_tim.o(i.HAL_TIM_OC_ConfigChannel)
    HAL_TIM_OC_Init                          0x080017df   Thumb Code    54  stm32f4xx_hal_tim.o(i.HAL_TIM_OC_Init)
    HAL_TIM_OC_MspInit                       0x08001815   Thumb Code    62  stm32f4xx_hal_msp.o(i.HAL_TIM_OC_MspInit)
    HAL_TIM_PWM_ConfigChannel                0x08001861   Thumb Code   208  stm32f4xx_hal_tim.o(i.HAL_TIM_PWM_ConfigChannel)
    HAL_TIM_PWM_Init                         0x08001931   Thumb Code    54  stm32f4xx_hal_tim.o(i.HAL_TIM_PWM_Init)
    HAL_TIM_PWM_MspInit                      0x08001969   Thumb Code    98  stm32f4xx_hal_msp.o(i.HAL_TIM_PWM_MspInit)
    HAL_TIM_PWM_Start                        0x080019e1   Thumb Code    48  stm32f4xx_hal_tim.o(i.HAL_TIM_PWM_Start)
    HAL_TIM_SlaveConfigSynchronization       0x08001a19   Thumb Code    66  stm32f4xx_hal_tim.o(i.HAL_TIM_SlaveConfigSynchronization)
    HAL_UART_Init                            0x08001a5b   Thumb Code    94  stm32f4xx_hal_uart.o(i.HAL_UART_Init)
    HAL_UART_MspInit                         0x08001ab9   Thumb Code    62  stm32f4xx_hal_msp.o(i.HAL_UART_MspInit)
    HAL_UART_Transmit                        0x08001b05   Thumb Code   204  stm32f4xx_hal_uart.o(i.HAL_UART_Transmit)
    I2C1_EV_IRQHandler                       0x08001bd1   Thumb Code     6  stm32f4xx_it.o(i.I2C1_EV_IRQHandler)
    PID_setup                                0x08002215   Thumb Code    18  pid.o(i.PID_setup)
    StartDefaultTask                         0x08002227   Thumb Code     8  main.o(i.StartDefaultTask)
    SysTick_Handler                          0x0800222f   Thumb Code     4  stm32f4xx_it.o(i.SysTick_Handler)
    SystemClock_Config                       0x08002235   Thumb Code   136  main.o(i.SystemClock_Config)
    SystemInit                               0x080022c5   Thumb Code    66  system_stm32f4xx.o(i.SystemInit)
    TIM_Base_SetConfig                       0x08002319   Thumb Code   148  stm32f4xx_hal_tim.o(i.TIM_Base_SetConfig)
    TIM_CCxChannelCmd                        0x080023d9   Thumb Code    22  stm32f4xx_hal_tim.o(i.TIM_CCxChannelCmd)
    TIM_OC2_SetConfig                        0x0800246d   Thumb Code    90  stm32f4xx_hal_tim.o(i.TIM_OC2_SetConfig)
    __hardfp_floor                           0x08002851   Thumb Code   252  floor.o(i.__hardfp_floor)
    __scatterload_copy                       0x08002969   Thumb Code    14  handlers.o(i.__scatterload_copy)
    __scatterload_null                       0x08002977   Thumb Code     2  handlers.o(i.__scatterload_null)
    __scatterload_zeroinit                   0x08002979   Thumb Code    14  handlers.o(i.__scatterload_zeroinit)
    main                                     0x080029f1   Thumb Code   240  main.o(i.main)
    osDelay                                  0x08002b29   Thumb Code    14  cmsis_os.o(i.osDelay)
    osKernelStart                            0x08002b37   Thumb Code    10  cmsis_os.o(i.osKernelStart)
    osSystickHandler                         0x08002b41   Thumb Code    20  cmsis_os.o(i.osSystickHandler)
    osThreadCreate                           0x08002b55   Thumb Code    56  cmsis_os.o(i.osThreadCreate)
    pvPortMalloc                             0x08002e15   Thumb Code   210  heap_4.o(i.pvPortMalloc)
    pvTaskIncrementMutexHeldCount            0x08002eed   Thumb Code    18  tasks.o(i.pvTaskIncrementMutexHeldCount)
    pxPortInitialiseStack                    0x08002f05   Thumb Code    36  port.o(i.pxPortInitialiseStack)
    uxListRemove                             0x08002f2d   Thumb Code    36  list.o(i.uxListRemove)
    vBTNTask                                 0x08002f51   Thumb Code    84  main.o(i.vBTNTask)
    vListInitialise                          0x08002fad   Thumb Code    22  list.o(i.vListInitialise)
    vListInitialiseItem                      0x08002fc3   Thumb Code     6  list.o(i.vListInitialiseItem)
    vListInsert                              0x08002fc9   Thumb Code    48  list.o(i.vListInsert)
    vListInsertEnd                           0x08002ff9   Thumb Code    24  list.o(i.vListInsertEnd)
    vPortEnterCritical                       0x08003091   Thumb Code    54  port.o(i.vPortEnterCritical)
    vPortExitCritical                        0x080030d1   Thumb Code    34  port.o(i.vPortExitCritical)
    vPortFree                                0x080030f9   Thumb Code    88  heap_4.o(i.vPortFree)
    vPortSetupTimerInterrupt                 0x08003155   Thumb Code    26  port.o(i.vPortSetupTimerInterrupt)
    vPortValidateInterruptPriority           0x08003175   Thumb Code    74  port.o(i.vPortValidateInterruptPriority)
    vStartMotorCMDTask                       0x080031c9   Thumb Code   212  motor_cmd.o(i.vStartMotorCMDTask)
    vTaskDelay                               0x080032c9   Thumb Code    94  tasks.o(i.vTaskDelay)
    vTaskDelayUntil                          0x08003331   Thumb Code   158  tasks.o(i.vTaskDelayUntil)
    vTaskMissedYield                         0x080033d9   Thumb Code     8  tasks.o(i.vTaskMissedYield)
    vTaskPlaceOnEventList                    0x080033e5   Thumb Code    90  tasks.o(i.vTaskPlaceOnEventList)
    vTaskPriorityInherit                     0x08003449   Thumb Code   124  tasks.o(i.vTaskPriorityInherit)
    vTaskSetTimeOutState                     0x080034cd   Thumb Code    30  tasks.o(i.vTaskSetTimeOutState)
    vTaskStartScheduler                      0x080034f1   Thumb Code    80  tasks.o(i.vTaskStartScheduler)
    vTaskSuspendAll                          0x08003551   Thumb Code    10  tasks.o(i.vTaskSuspendAll)
    vTaskSwitchContext                       0x08003561   Thumb Code    82  tasks.o(i.vTaskSwitchContext)
    vUARTTest                                0x080035bd   Thumb Code    48  main.o(i.vUARTTest)
    xPortStartScheduler                      0x080035f9   Thumb Code   202  port.o(i.xPortStartScheduler)
    xPortSysTickHandler                      0x080036d9   Thumb Code    38  port.o(i.xPortSysTickHandler)
    xQueueGenericCreate                      0x08003705   Thumb Code   100  queue.o(i.xQueueGenericCreate)
    xQueueGenericReceive                     0x08003769   Thumb Code   358  queue.o(i.xQueueGenericReceive)
    xQueueGenericReset                       0x080038d5   Thumb Code   126  queue.o(i.xQueueGenericReset)
    xQueueGenericSend                        0x08003959   Thumb Code   348  queue.o(i.xQueueGenericSend)
    xQueueGiveFromISR                        0x08003ab9   Thumb Code   156  queue.o(i.xQueueGiveFromISR)
    xTaskCheckForTimeOut                     0x08003b55   Thumb Code   102  tasks.o(i.xTaskCheckForTimeOut)
    xTaskGenericCreate                       0x08003bc1   Thumb Code   430  tasks.o(i.xTaskGenericCreate)
    xTaskGetSchedulerState                   0x08003d7d   Thumb Code    22  tasks.o(i.xTaskGetSchedulerState)
    xTaskGetTickCount                        0x08003d99   Thumb Code     6  tasks.o(i.xTaskGetTickCount)
    xTaskIncrementTick                       0x08003da5   Thumb Code   194  tasks.o(i.xTaskIncrementTick)
    xTaskPriorityDisinherit                  0x08003e71   Thumb Code   144  tasks.o(i.xTaskPriorityDisinherit)
    xTaskRemoveFromEventList                 0x08003f09   Thumb Code   108  tasks.o(i.xTaskRemoveFromEventList)
    xTaskResumeAll                           0x08003f7d   Thumb Code   182  tasks.o(i.xTaskResumeAll)
    APBAHBPrescTable                         0x08004064   Data          16  stm32f4xx_hal_rcc.o(.constdata)
    Region$$Table$$Base                      0x08004080   Number         0  anon$$obj.o(Region$$Table)
    Region$$Table$$Limit                     0x080040a0   Number         0  anon$$obj.o(Region$$Table)
    xBTNSemaphore                            0x20000000   Data           4  main.o(.data)
    defaultTaskHandle                        0x20000004   Data           4  main.o(.data)
    msg_speed                                0x20000008   Data           4  main.o(.data)
    msg_motor_DEBUG                          0x2000000c   Data           4  main.o(.data)
    pxCurrentTCB                             0x20000034   Data           4  tasks.o(.data)
    SystemCoreClock                          0x20000070   Data           4  system_stm32f4xx.o(.data)
    motor_PWM_DEBUG                          0x20000074   Data           2  motor_cmd.o(.data)
    hi2c1                                    0x20000078   Data          60  main.o(.bss)
    htim1                                    0x200000b4   Data          60  main.o(.bss)
    htim3                                    0x200000f0   Data          60  main.o(.bss)
    htim4                                    0x2000012c   Data          60  main.o(.bss)
    htim5                                    0x20000168   Data          60  main.o(.bss)
    htim9                                    0x200001a4   Data          60  main.o(.bss)
    htim12                                   0x200001e0   Data          60  main.o(.bss)
    huart2                                   0x2000021c   Data          64  main.o(.bss)
    Left_Motor_PID                           0x20003f50   Data          56  motor_cmd.o(.bss)
    Right_Motor_PID                          0x20003f88   Data          56  motor_cmd.o(.bss)
    __initial_sp                             0x200043c0   Data           0  startup_stm32f407xx.o(STACK)



==============================================================================

Memory Map of the image

  Image Entry point : 0x08000189

  Load Region LR_IROM1 (Base: 0x08000000, Size: 0x00004118, Max: 0x00100000, ABSOLUTE)

    Execution Region ER_IROM1 (Base: 0x08000000, Size: 0x000040a0, Max: 0x00100000, ABSOLUTE)

    Base Addr    Size         Type   Attr      Idx    E Section Name        Object

    0x08000000   0x00000188   Data   RO            3    RESET               startup_stm32f407xx.o
    0x08000188   0x00000000   Code   RO         4157  * .ARM.Collect$$$$00000000  mc_w.l(entry.o)
    0x08000188   0x00000004   Code   RO         4180    .ARM.Collect$$$$00000001  mc_w.l(entry2.o)
    0x0800018c   0x00000004   Code   RO         4183    .ARM.Collect$$$$00000004  mc_w.l(entry5.o)
    0x08000190   0x00000000   Code   RO         4185    .ARM.Collect$$$$00000008  mc_w.l(entry7b.o)
    0x08000190   0x00000000   Code   RO         4187    .ARM.Collect$$$$0000000A  mc_w.l(entry8b.o)
    0x08000190   0x00000008   Code   RO         4188    .ARM.Collect$$$$0000000B  mc_w.l(entry9a.o)
    0x08000198   0x00000000   Code   RO         4190    .ARM.Collect$$$$0000000D  mc_w.l(entry10a.o)
    0x08000198   0x00000000   Code   RO         4192    .ARM.Collect$$$$0000000F  mc_w.l(entry11a.o)
    0x08000198   0x00000004   Code   RO         4181    .ARM.Collect$$$$00002712  mc_w.l(entry2.o)
    0x0800019c   0x000000ba   Code   RO         1124    .emb_text           port.o
    0x08000256   0x00000002   PAD
    0x08000258   0x00000024   Code   RO            4    .text               startup_stm32f407xx.o
    0x0800027c   0x00000024   Code   RO         4160    .text               mc_w.l(memcpya.o)
    0x080002a0   0x00000024   Code   RO         4162    .text               mc_w.l(memseta.o)
    0x080002c4   0x0000014e   Code   RO         4166    .text               mf_w.l(dadd.o)
    0x08000412   0x000000e4   Code   RO         4168    .text               mf_w.l(dmul.o)
    0x080004f6   0x000000de   Code   RO         4170    .text               mf_w.l(ddiv.o)
    0x080005d4   0x00000032   Code   RO         4174    .text               mf_w.l(dfixui.o)
    0x08000606   0x00000002   PAD
    0x08000608   0x00000030   Code   RO         4178    .text               mf_w.l(cdrcmple.o)
    0x08000638   0x0000001e   Code   RO         4194    .text               mc_w.l(llshl.o)
    0x08000656   0x00000020   Code   RO         4196    .text               mc_w.l(llushr.o)
    0x08000676   0x00000024   Code   RO         4198    .text               mc_w.l(llsshr.o)
    0x0800069a   0x00000000   Code   RO         4200    .text               mc_w.l(iusefp.o)
    0x0800069a   0x000000ba   Code   RO         4201    .text               mf_w.l(depilogue.o)
    0x08000754   0x00000024   Code   RO         4203    .text               mc_w.l(init.o)
    0x08000778   0x0000001c   Code   RO           13    i.EXTI0_IRQHandler  stm32f4xx_it.o
    0x08000794   0x00000002   Code   RO         2549    i.HAL_GPIO_EXTI_Callback  stm32f4xx_hal_gpio.o
    0x08000796   0x00000002   PAD
    0x08000798   0x00000018   Code   RO         2550    i.HAL_GPIO_EXTI_IRQHandler  stm32f4xx_hal_gpio.o
    0x080007b0   0x000001c0   Code   RO         2551    i.HAL_GPIO_Init     stm32f4xx_hal_gpio.o
    0x08000970   0x00000008   Code   RO         2554    i.HAL_GPIO_TogglePin  stm32f4xx_hal_gpio.o
    0x08000978   0x0000000c   Code   RO         1784    i.HAL_GetTick       stm32f4xx_hal.o
    0x08000984   0x00000196   Code   RO         1476    i.HAL_I2C_EV_IRQHandler  stm32f4xx_hal_i2c.o
    0x08000b1a   0x00000002   PAD
    0x08000b1c   0x00000100   Code   RO         1480    i.HAL_I2C_Init      stm32f4xx_hal_i2c.o
    0x08000c1c   0x00000002   Code   RO         1482    i.HAL_I2C_MasterRxCpltCallback  stm32f4xx_hal_i2c.o
    0x08000c1e   0x00000002   Code   RO         1483    i.HAL_I2C_MasterTxCpltCallback  stm32f4xx_hal_i2c.o
    0x08000c20   0x000000e8   Code   RO         1487    i.HAL_I2C_Master_Transmit  stm32f4xx_hal_i2c.o
    0x08000d08   0x00000002   Code   RO         1490    i.HAL_I2C_MemRxCpltCallback  stm32f4xx_hal_i2c.o
    0x08000d0a   0x00000002   Code   RO         1491    i.HAL_I2C_MemTxCpltCallback  stm32f4xx_hal_i2c.o
    0x08000d0c   0x0000005c   Code   RO          324    i.HAL_I2C_MspInit   stm32f4xx_hal_msp.o
    0x08000d68   0x00000002   Code   RO         1500    i.HAL_I2C_SlaveRxCpltCallback  stm32f4xx_hal_i2c.o
    0x08000d6a   0x00000002   PAD
    0x08000d6c   0x00000034   Code   RO         1786    i.HAL_Init          stm32f4xx_hal.o
    0x08000da0   0x00000022   Code   RO         1787    i.HAL_InitTick      stm32f4xx_hal.o
    0x08000dc2   0x00000016   Code   RO          325    i.HAL_MspInit       stm32f4xx_hal_msp.o
    0x08000dd8   0x00000016   Code   RO         3746    i.HAL_NVIC_EnableIRQ  stm32f4xx_hal_cortex.o
    0x08000dee   0x00000002   PAD
    0x08000df0   0x00000040   Code   RO         3752    i.HAL_NVIC_SetPriority  stm32f4xx_hal_cortex.o
    0x08000e30   0x00000024   Code   RO         3753    i.HAL_NVIC_SetPriorityGrouping  stm32f4xx_hal_cortex.o
    0x08000e54   0x0000020c   Code   RO         3639    i.HAL_RCC_ClockConfig  stm32f4xx_hal_rcc.o
    0x08001060   0x00000034   Code   RO         3644    i.HAL_RCC_GetHCLKFreq  stm32f4xx_hal_rcc.o
    0x08001094   0x0000002c   Code   RO         3646    i.HAL_RCC_GetPCLK1Freq  stm32f4xx_hal_rcc.o
    0x080010c0   0x0000002c   Code   RO         3647    i.HAL_RCC_GetPCLK2Freq  stm32f4xx_hal_rcc.o
    0x080010ec   0x00000070   Code   RO         3648    i.HAL_RCC_GetSysClockFreq  stm32f4xx_hal_rcc.o
    0x0800115c   0x00000338   Code   RO         3651    i.HAL_RCC_OscConfig  stm32f4xx_hal_rcc.o
    0x08001494   0x00000018   Code   RO         3755    i.HAL_SYSTICK_CLKSourceConfig  stm32f4xx_hal_cortex.o
    0x080014ac   0x00000028   Code   RO         3757    i.HAL_SYSTICK_Config  stm32f4xx_hal_cortex.o
    0x080014d4   0x00000042   Code   RO         3025    i.HAL_TIMEx_ConfigBreakDeadTime  stm32f4xx_hal_tim_ex.o
    0x08001516   0x00000050   Code   RO         3040    i.HAL_TIMEx_MasterConfigSynchronization  stm32f4xx_hal_tim_ex.o
    0x08001566   0x00000036   Code   RO         1919    i.HAL_TIM_Base_Init  stm32f4xx_hal_tim.o
    0x0800159c   0x000000ac   Code   RO          327    i.HAL_TIM_Base_MspInit  stm32f4xx_hal_msp.o
    0x08001648   0x0000001a   Code   RO         1922    i.HAL_TIM_Base_Start  stm32f4xx_hal_tim.o
    0x08001662   0x000000f2   Code   RO         1928    i.HAL_TIM_ConfigClockSource  stm32f4xx_hal_tim.o
    0x08001754   0x00000034   Code   RO         1940    i.HAL_TIM_Encoder_Start  stm32f4xx_hal_tim.o
    0x08001788   0x00000056   Code   RO         1962    i.HAL_TIM_OC_ConfigChannel  stm32f4xx_hal_tim.o
    0x080017de   0x00000036   Code   RO         1966    i.HAL_TIM_OC_Init   stm32f4xx_hal_tim.o
    0x08001814   0x0000004c   Code   RO          329    i.HAL_TIM_OC_MspInit  stm32f4xx_hal_msp.o
    0x08001860   0x000000d0   Code   RO         1985    i.HAL_TIM_PWM_ConfigChannel  stm32f4xx_hal_tim.o
    0x08001930   0x00000036   Code   RO         1988    i.HAL_TIM_PWM_Init  stm32f4xx_hal_tim.o
    0x08001966   0x00000002   PAD
    0x08001968   0x00000078   Code   RO          331    i.HAL_TIM_PWM_MspInit  stm32f4xx_hal_msp.o
    0x080019e0   0x00000038   Code   RO         1992    i.HAL_TIM_PWM_Start  stm32f4xx_hal_tim.o
    0x08001a18   0x00000042   Code   RO         2000    i.HAL_TIM_SlaveConfigSynchronization  stm32f4xx_hal_tim.o
    0x08001a5a   0x0000005e   Code   RO         2802    i.HAL_UART_Init     stm32f4xx_hal_uart.o
    0x08001ab8   0x0000004c   Code   RO          333    i.HAL_UART_MspInit  stm32f4xx_hal_msp.o
    0x08001b04   0x000000cc   Code   RO         2810    i.HAL_UART_Transmit  stm32f4xx_hal_uart.o
    0x08001bd0   0x0000000c   Code   RO           15    i.I2C1_EV_IRQHandler  stm32f4xx_it.o
    0x08001bdc   0x00000080   Code   RO         1515    i.I2C_MasterReceive_BTF  stm32f4xx_hal_i2c.o
    0x08001c5c   0x00000064   Code   RO         1516    i.I2C_MasterReceive_RXNE  stm32f4xx_hal_i2c.o
    0x08001cc0   0x00000074   Code   RO         1518    i.I2C_MasterRequestWrite  stm32f4xx_hal_i2c.o
    0x08001d34   0x0000008a   Code   RO         1521    i.I2C_WaitOnFlagUntilTimeout  stm32f4xx_hal_i2c.o
    0x08001dbe   0x00000002   PAD
    0x08001dc0   0x00000088   Code   RO         1522    i.I2C_WaitOnMasterAddressFlagUntilTimeout  stm32f4xx_hal_i2c.o
    0x08001e48   0x000001bc   Code   RO          204    i.MX_GPIO_Init      main.o
    0x08002004   0x0000004c   Code   RO          205    i.MX_TIM12_Init     main.o
    0x08002050   0x00000078   Code   RO          206    i.MX_TIM1_Init      main.o
    0x080020c8   0x00000044   Code   RO          207    i.MX_TIM3_Init      main.o
    0x0800210c   0x00000044   Code   RO          208    i.MX_TIM4_Init      main.o
    0x08002150   0x00000044   Code   RO          209    i.MX_TIM5_Init      main.o
    0x08002194   0x00000060   Code   RO          210    i.MX_TIM9_Init      main.o
    0x080021f4   0x00000020   Code   RO         3759    i.NVIC_SetPriority  stm32f4xx_hal_cortex.o
    0x08002214   0x00000012   Code   RO         3983    i.PID_setup         pid.o
    0x08002226   0x00000008   Code   RO          211    i.StartDefaultTask  main.o
    0x0800222e   0x00000004   Code   RO           16    i.SysTick_Handler   stm32f4xx_it.o
    0x08002232   0x00000002   PAD
    0x08002234   0x00000090   Code   RO          212    i.SystemClock_Config  main.o
    0x080022c4   0x00000054   Code   RO         3867    i.SystemInit        system_stm32f4xx.o
    0x08002318   0x000000c0   Code   RO         2003    i.TIM_Base_SetConfig  stm32f4xx_hal_tim.o
    0x080023d8   0x00000016   Code   RO         2004    i.TIM_CCxChannelCmd  stm32f4xx_hal_tim.o
    0x080023ee   0x00000014   Code   RO         2010    i.TIM_ETR_SetConfig  stm32f4xx_hal_tim.o
    0x08002402   0x00000010   Code   RO         2011    i.TIM_ITRx_SetConfig  stm32f4xx_hal_tim.o
    0x08002412   0x00000002   PAD
    0x08002414   0x00000058   Code   RO         2012    i.TIM_OC1_SetConfig  stm32f4xx_hal_tim.o
    0x0800246c   0x00000064   Code   RO         2013    i.TIM_OC2_SetConfig  stm32f4xx_hal_tim.o
    0x080024d0   0x00000060   Code   RO         2014    i.TIM_OC3_SetConfig  stm32f4xx_hal_tim.o
    0x08002530   0x00000050   Code   RO         2015    i.TIM_OC4_SetConfig  stm32f4xx_hal_tim.o
    0x08002580   0x0000007c   Code   RO         2016    i.TIM_SlaveTimer_SetConfig  stm32f4xx_hal_tim.o
    0x080025fc   0x00000022   Code   RO         2017    i.TIM_TI1_ConfigInputStage  stm32f4xx_hal_tim.o
    0x0800261e   0x00000024   Code   RO         2019    i.TIM_TI2_ConfigInputStage  stm32f4xx_hal_tim.o
    0x08002642   0x00000002   PAD
    0x08002644   0x00000178   Code   RO         2821    i.UART_SetConfig    stm32f4xx_hal_uart.o
    0x080027bc   0x00000092   Code   RO         2823    i.UART_WaitOnFlagUntilTimeout  stm32f4xx_hal_uart.o
    0x0800284e   0x00000002   PAD
    0x08002850   0x00000118   Code   RO         4151    i.__hardfp_floor    m_wm.l(floor.o)
    0x08002968   0x0000000e   Code   RO         4207    i.__scatterload_copy  mc_w.l(handlers.o)
    0x08002976   0x00000002   Code   RO         4208    i.__scatterload_null  mc_w.l(handlers.o)
    0x08002978   0x0000000e   Code   RO         4209    i.__scatterload_zeroinit  mc_w.l(handlers.o)
    0x08002986   0x00000002   PAD
    0x08002988   0x00000068   Code   RO         3939    i._speed_to_pwm     motor_cmd.o
    0x080029f0   0x0000012c   Code   RO          213    i.main              main.o
    0x08002b1c   0x0000000c   Code   RO          583    i.makeFreeRtosPriority  cmsis_os.o
    0x08002b28   0x0000000e   Code   RO          584    i.osDelay           cmsis_os.o
    0x08002b36   0x0000000a   Code   RO          587    i.osKernelStart     cmsis_os.o
    0x08002b40   0x00000014   Code   RO          616    i.osSystickHandler  cmsis_os.o
    0x08002b54   0x00000038   Code   RO          617    i.osThreadCreate    cmsis_os.o
    0x08002b8c   0x00000034   Code   RO         1189    i.prvAddCurrentTaskToDelayedList  tasks.o
    0x08002bc0   0x00000054   Code   RO         1190    i.prvCheckTasksWaitingTermination  tasks.o
    0x08002c14   0x00000026   Code   RO          923    i.prvCopyDataFromQueue  queue.o
    0x08002c3a   0x0000006e   Code   RO          924    i.prvCopyDataToQueue  queue.o
    0x08002ca8   0x0000004c   Code   RO          515    i.prvHeapInit       heap_4.o
    0x08002cf4   0x00000028   Code   RO         1191    i.prvIdleTask       tasks.o
    0x08002d1c   0x0000004c   Code   RO          516    i.prvInsertBlockIntoFreeList  heap_4.o
    0x08002d68   0x00000020   Code   RO         1193    i.prvResetNextTaskUnblockTime  tasks.o
    0x08002d88   0x00000028   Code   RO         1125    i.prvTaskExitError  port.o
    0x08002db0   0x00000064   Code   RO          925    i.prvUnlockQueue    queue.o
    0x08002e14   0x000000d8   Code   RO          517    i.pvPortMalloc      heap_4.o
    0x08002eec   0x00000018   Code   RO         1195    i.pvTaskIncrementMutexHeldCount  tasks.o
    0x08002f04   0x00000028   Code   RO         1126    i.pxPortInitialiseStack  port.o
    0x08002f2c   0x00000024   Code   RO         1088    i.uxListRemove      list.o
    0x08002f50   0x0000005c   Code   RO          214    i.vBTNTask          main.o
    0x08002fac   0x00000016   Code   RO         1089    i.vListInitialise   list.o
    0x08002fc2   0x00000006   Code   RO         1090    i.vListInitialiseItem  list.o
    0x08002fc8   0x00000030   Code   RO         1091    i.vListInsert       list.o
    0x08002ff8   0x00000018   Code   RO         1092    i.vListInsertEnd    list.o
    0x08003010   0x00000080   Code   RO         3940    i.vMotorCMDTask     motor_cmd.o
    0x08003090   0x00000040   Code   RO         1128    i.vPortEnterCritical  port.o
    0x080030d0   0x00000028   Code   RO         1129    i.vPortExitCritical  port.o
    0x080030f8   0x0000005c   Code   RO          518    i.vPortFree         heap_4.o
    0x08003154   0x00000020   Code   RO         1130    i.vPortSetupTimerInterrupt  port.o
    0x08003174   0x00000054   Code   RO         1131    i.vPortValidateInterruptPriority  port.o
    0x080031c8   0x00000100   Code   RO         3941    i.vStartMotorCMDTask  motor_cmd.o
    0x080032c8   0x00000068   Code   RO         1203    i.vTaskDelay        tasks.o
    0x08003330   0x000000a8   Code   RO         1204    i.vTaskDelayUntil   tasks.o
    0x080033d8   0x0000000c   Code   RO         1207    i.vTaskMissedYield  tasks.o
    0x080033e4   0x00000064   Code   RO         1209    i.vTaskPlaceOnEventList  tasks.o
    0x08003448   0x00000084   Code   RO         1211    i.vTaskPriorityInherit  tasks.o
    0x080034cc   0x00000024   Code   RO         1215    i.vTaskSetTimeOutState  tasks.o
    0x080034f0   0x00000060   Code   RO         1216    i.vTaskStartScheduler  tasks.o
    0x08003550   0x00000010   Code   RO         1218    i.vTaskSuspendAll   tasks.o
    0x08003560   0x0000005c   Code   RO         1219    i.vTaskSwitchContext  tasks.o
    0x080035bc   0x0000003c   Code   RO          215    i.vUARTTest         main.o
    0x080035f8   0x000000e0   Code   RO         1132    i.xPortStartScheduler  port.o
    0x080036d8   0x0000002c   Code   RO         1133    i.xPortSysTickHandler  port.o
    0x08003704   0x00000064   Code   RO          937    i.xQueueGenericCreate  queue.o
    0x08003768   0x0000016c   Code   RO          938    i.xQueueGenericReceive  queue.o
    0x080038d4   0x00000084   Code   RO          939    i.xQueueGenericReset  queue.o
    0x08003958   0x00000160   Code   RO          940    i.xQueueGenericSend  queue.o
    0x08003ab8   0x0000009c   Code   RO          942    i.xQueueGiveFromISR  queue.o
    0x08003b54   0x0000006c   Code   RO         1220    i.xTaskCheckForTimeOut  tasks.o
    0x08003bc0   0x000001bc   Code   RO         1221    i.xTaskGenericCreate  tasks.o
    0x08003d7c   0x0000001c   Code   RO         1224    i.xTaskGetSchedulerState  tasks.o
    0x08003d98   0x0000000c   Code   RO         1225    i.xTaskGetTickCount  tasks.o
    0x08003da4   0x000000cc   Code   RO         1227    i.xTaskIncrementTick  tasks.o
    0x08003e70   0x00000098   Code   RO         1230    i.xTaskPriorityDisinherit  tasks.o
    0x08003f08   0x00000074   Code   RO         1231    i.xTaskRemoveFromEventList  tasks.o
    0x08003f7c   0x000000c4   Code   RO         1233    i.xTaskResumeAll    tasks.o
    0x08004040   0x00000024   Data   RO          217    .constdata          main.o
    0x08004064   0x00000010   Data   RO         3652    .constdata          stm32f4xx_hal_rcc.o
    0x08004074   0x0000000c   Data   RO          218    .conststring        main.o
    0x08004080   0x00000020   Data   RO         4205    Region$$Table       anon$$obj.o


    Execution Region RW_IRAM1 (Base: 0x20000000, Size: 0x000043c0, Max: 0x00020000, ABSOLUTE)

    Base Addr    Size         Type   Attr      Idx    E Section Name        Object

    0x20000000   0x00000010   Data   RW          219    .data               main.o
    0x20000010   0x00000018   Data   RW          523    .data               heap_4.o
    0x20000028   0x0000000c   Data   RW         1134    .data               port.o
    0x20000034   0x00000038   Data   RW         1236    .data               tasks.o
    0x2000006c   0x00000004   Data   RW         1792    .data               stm32f4xx_hal.o
    0x20000070   0x00000004   Data   RW         3869    .data               system_stm32f4xx.o
    0x20000074   0x00000002   Data   RW         3943    .data               motor_cmd.o
    0x20000076   0x00000002   PAD
    0x20000078   0x000001e4   Zero   RW          216    .bss                main.o
    0x2000025c   0x00003c00   Zero   RW          522    .bss                heap_4.o
    0x20003e5c   0x000000f0   Zero   RW         1235    .bss                tasks.o
    0x20003f4c   0x00000004   PAD
    0x20003f50   0x00000070   Zero   RW         3942    .bss                motor_cmd.o
    0x20003fc0   0x00000400   Zero   RW            1    STACK               startup_stm32f407xx.o


==============================================================================

Image component sizes


      Code (inc. data)   RO Data    RW Data    ZI Data      Debug   Object Name

       112          0          0          0          0      13208   cmsis_os.o
         0          0          0          0          0       9336   event_groups.o
       460         24          0         24      15360       4739   heap_4.o
       136          0          0          0          0       3514   list.o
      1544        174         48         16        484      17548   main.o
       488         86          0          2        112       4087   motor_cmd.o
        18          0          0          0          0        892   pid.o
       754         84          0         12          0       9229   port.o
      1352         16          0          0          0      11066   queue.o
        36          8        392          0       1024        948   startup_stm32f407xx.o
        98         10          0          4          0       3044   stm32f4xx_hal.o
       218         14          0          0          0      30993   stm32f4xx_hal_cortex.o
       482         56          0          0          0       3625   stm32f4xx_hal_gpio.o
      1522         22          0          0          0      11521   stm32f4xx_hal_i2c.o
       558         90          0          0          0       4341   stm32f4xx_hal_msp.o
      1600         70         16          0          0       6107   stm32f4xx_hal_rcc.o
      1706         96          0          0          0      16375   stm32f4xx_hal_tim.o
       146          0          0          0          0       2056   stm32f4xx_hal_tim_ex.o
       820         10          0          0          0       4212   stm32f4xx_hal_uart.o
        44         10          0          0          0     386762   stm32f4xx_it.o
        84         18          0          4          0       1317   system_stm32f4xx.o
      2248        186          0         56        240      22294   tasks.o

    ----------------------------------------------------------------------
     14448        974        488        120      17224     567214   Object Totals
         0          0         32          0          0          0   (incl. Generated)
        22          0          0          2          4          0   (incl. Padding)

    ----------------------------------------------------------------------

      Code (inc. data)   RO Data    RW Data    ZI Data      Debug   Library Member Name

       280         28          0          0          0        156   floor.o
         0          0          0          0          0          0   entry.o
         0          0          0          0          0          0   entry10a.o
         0          0          0          0          0          0   entry11a.o
         8          4          0          0          0          0   entry2.o
         4          0          0          0          0          0   entry5.o
         0          0          0          0          0          0   entry7b.o
         0          0          0          0          0          0   entry8b.o
         8          4          0          0          0          0   entry9a.o
        30          0          0          0          0          0   handlers.o
        36          8          0          0          0         68   init.o
         0          0          0          0          0          0   iusefp.o
        30          0          0          0          0         68   llshl.o
        36          0          0          0          0         68   llsshr.o
        32          0          0          0          0         68   llushr.o
        36          0          0          0          0         68   memcpya.o
        36          0          0          0          0        108   memseta.o
        48          0          0          0          0         68   cdrcmple.o
       334          0          0          0          0        148   dadd.o
       222          0          0          0          0        100   ddiv.o
       186          0          0          0          0        176   depilogue.o
        50          0          0          0          0         76   dfixui.o
       228          0          0          0          0         96   dmul.o

    ----------------------------------------------------------------------
      1608         44          0          0          0       1268   Library Totals
         4          0          0          0          0          0   (incl. Padding)

    ----------------------------------------------------------------------

      Code (inc. data)   RO Data    RW Data    ZI Data      Debug   Library Name

       280         28          0          0          0        156   m_wm.l
       256         16          0          0          0        448   mc_w.l
      1068          0          0          0          0        664   mf_w.l

    ----------------------------------------------------------------------
      1608         44          0          0          0       1268   Library Totals

    ----------------------------------------------------------------------

==============================================================================


      Code (inc. data)   RO Data    RW Data    ZI Data      Debug   

     16056       1018        488        120      17224     554966   Grand Totals
     16056       1018        488        120      17224     554966   ELF Image Totals
     16056       1018        488        120          0          0   ROM Totals

==============================================================================

    Total RO  Size (Code + RO Data)                16544 (  16.16kB)
    Total RW  Size (RW Data + ZI Data)             17344 (  16.94kB)
    Total ROM Size (Code + RO Data + RW Data)      16664 (  16.27kB)

==============================================================================

