<html>
<body>
<pre>
<h1>µVision Build Log</h1>
<h2>Tool Versions:</h2>
IDE-Version: µVision V5.16a
Copyright (C) 2015 ARM Ltd and ARM Germany GmbH. All rights reserved.
License Information: tony kang, Microsoft, LIC=----
 
Tool Versions:
Toolchain:       MDK-Lite  Version: 5.16a
Toolchain Path:  C:\Keil_v5\ARM\ARMCC\Bin
C Compiler:      Armcc.exe V5.06 (build 20)
Assembler:       Armasm.exe V5.06 (build 20)
Linker/Locator:  ArmLink.exe V5.06 (build 20)
Library Manager: ArmAr.exe V5.06 (build 20)
Hex Converter:   FromElf.exe V5.06 (build 20)
CPU DLL:         SARMCM3.DLL V5.16a
Dialog DLL:      DCM.DLL V1.13.2.0
Target DLL:      STLink\ST-LINKIII-KEIL_SWO.dll V2.0.17.0
Dialog DLL:      TCM.DLL V1.14.5.0
 
<h2>Project:</h2>
W:\TinyCar\Design\STM_TYPE_Neg1\Type_Neg1\MDK-ARM\Type_Neg1.uvprojx
Project File Date:  01/03/2016

<h2>Output:</h2>
*** Using Compiler 'V5.06 (build 20)', folder: 'C:\Keil_v5\ARM\ARMCC\Bin'
Rebuild target 'Type_Neg1 Configuration'
assembling startup_stm32f407xx.s...
compiling stm32f4xx_it.c...
compiling main.c...
../Src/main.c(570): warning:  #111-D: statement is unreachable
        return;
../Src/main.c: 1 warning, 0 errors
compiling stm32f4xx_hal_msp.c...
compiling freertos.c...
compiling event_groups.c...
compiling heap_4.c...
compiling timers.c...
compiling croutine.c...
compiling cmsis_os.c...
compiling queue.c...
compiling list.c...
compiling port.c...
compiling tasks.c...
compiling stm32f4xx_hal_i2c.c...
compiling stm32f4xx_hal.c...
compiling stm32f4xx_hal_tim.c...
compiling stm32f4xx_hal_gpio.c...
compiling stm32f4xx_hal_flash_ramfunc.c...
compiling stm32f4xx_hal_flash.c...
compiling stm32f4xx_hal_rcc_ex.c...
compiling stm32f4xx_hal_uart.c...
compiling stm32f4xx_hal_tim_ex.c...
compiling stm32f4xx_hal_flash_ex.c...
compiling stm32f4xx_hal_i2c_ex.c...
compiling stm32f4xx_hal_pwr_ex.c...
compiling stm32f4xx_hal_dma.c...
compiling stm32f4xx_hal_pwr.c...
compiling stm32f4xx_hal_dma_ex.c...
compiling stm32f4xx_hal_rcc.c...
compiling stm32f4xx_hal_cortex.c...
compiling system_stm32f4xx.c...
compiling flash.c...
..\Tasks\flash.c(30): warning:  #177-D: variable "xLEDTask" was declared but never referenced
  BaseType_t xLEDTask;
..\Tasks\flash.c: 1 warning, 0 errors
compiling motor_cmd.c...
..\Tasks\motor_cmd.c(133): warning:  #177-D: variable "Left_Speed_now" was declared but never referenced
      double Left_Speed_now=0;
..\Tasks\motor_cmd.c(134): warning:  #177-D: variable "Right_Speed_now" was declared but never referenced
      double Right_Speed_now=0;
..\Tasks\motor_cmd.c(135): warning:  #177-D: variable "Left_Speed_set" was declared but never referenced
      double Left_Speed_set = 0;
..\Tasks\motor_cmd.c(136): warning:  #177-D: variable "Right_Speed_set" was declared but never referenced
      double Right_Speed_set = 0;
..\Tasks\motor_cmd.c(141): warning:  #177-D: variable "car_speed" was declared but never referenced
      Vehicle_vector_t car_speed;
..\Tasks\motor_cmd.c(208): warning:  #177-D: function "_motor_FB" was declared but never referenced
  static void _motor_FB(double* left, double* right){
..\Tasks\motor_cmd.c(230): warning:  #177-D: function "_clear_FB" was declared but never referenced
  static void _clear_FB(void){
..\Tasks\motor_cmd.c(266): warning:  #177-D: function "_get_set_speed" was declared but never referenced
  static void _get_set_speed(Vehicle_vector_t msg_speed, double* Left_Speed_set, double* Right_Speed_set){
..\Tasks\motor_cmd.c: 8 warnings, 0 errors
compiling PID.c...
compiling IMU.c...
compiling BNO055.c...
..\Tasks\BNO055.c(51): warning:  #177-D: variable "_sensorID" was declared but never referenced
  static int32_t _sensorID;
..\Tasks\BNO055.c: 1 warning, 0 errors
linking...
Program Size: Code=16056 RO-data=488 RW-data=120 ZI-data=17224  
"Type_Neg1 Configuration\Type_Neg1 Configuration.axf" - 0 Error(s), 11 Warning(s).

<h2>Software Packages used:</h2>

Package Vendor: ARM
                http://www.keil.com/pack/ARM.CMSIS.4.4.0.pack
                ARM::CMSIS:CORE:4.2.0
                CMSIS (Cortex Microcontroller Software Interface Standard)
   * Component: CORE Version: 4.2.0

<h2>Collection of Component include folders:</h2>
  W:\TinyCar\Design\STM_TYPE_Neg1\Type_Neg1\MDK-ARM\RTE
  C:\Keil_v5\ARM\PACK\ARM\CMSIS\4.4.0\CMSIS\Include
  C:\Keil_v5\ARM\PACK\Keil\STM32F4xx_DFP\2.6.0\Drivers\CMSIS\Device\ST\STM32F4xx\Include

<h2>Collection of Component Files used:</h2>

   * Component: ARM::CMSIS:CORE:4.2.0
Build Time Elapsed:  00:00:32
</pre>
</body>
</html>
